Archive member included because of file (symbol)

C:\cppwold\triobase\CMSISv2p00_LPC17xx\Debug\libCMSISv2p00_LPC17xx.a(system_LPC17xx.o)
                              ./src/sec_bootloader.o (SystemCoreClockUpdate)
c:/nxp/lpcxpresso_7.7.2_379/lpcxpresso/tools/bin/../lib/gcc/arm-none-eabi/4.9.3/../../../../arm-none-eabi/lib/armv7-m\libcr_nohost.a(_cr__main.o)
                              ./src/cr_startup_lpc175x_6x.o (__main)
c:/nxp/lpcxpresso_7.7.2_379/lpcxpresso/tools/bin/../lib/gcc/arm-none-eabi/4.9.3/../../../../arm-none-eabi/lib/armv7-m\libcr_c.a(memset.o)
                              ./src/GSM.o (memset)
c:/nxp/lpcxpresso_7.7.2_379/lpcxpresso/tools/bin/../lib/gcc/arm-none-eabi/4.9.3/../../../../arm-none-eabi/lib/armv7-m\libcr_c.a(alloc.o)
                              ./src/sec_bootloader.o (malloc)
c:/nxp/lpcxpresso_7.7.2_379/lpcxpresso/tools/bin/../lib/gcc/arm-none-eabi/4.9.3/../../../../arm-none-eabi/lib/armv7-m\libcr_c.a(atan2.o)
                              ./src/GPS.o (atan2)
c:/nxp/lpcxpresso_7.7.2_379/lpcxpresso/tools/bin/../lib/gcc/arm-none-eabi/4.9.3/../../../../arm-none-eabi/lib/armv7-m\libcr_c.a(cos.o)
                              ./src/GPS.o (cos)
c:/nxp/lpcxpresso_7.7.2_379/lpcxpresso/tools/bin/../lib/gcc/arm-none-eabi/4.9.3/../../../../arm-none-eabi/lib/armv7-m\libcr_c.a(ctype.o)
                              ./src/Utils.o (isspace)
c:/nxp/lpcxpresso_7.7.2_379/lpcxpresso/tools/bin/../lib/gcc/arm-none-eabi/4.9.3/../../../../arm-none-eabi/lib/armv7-m\libcr_c.a(errno.o)
                              c:/nxp/lpcxpresso_7.7.2_379/lpcxpresso/tools/bin/../lib/gcc/arm-none-eabi/4.9.3/../../../../arm-none-eabi/lib/armv7-m\libcr_c.a(atan2.o) (errno)
c:/nxp/lpcxpresso_7.7.2_379/lpcxpresso/tools/bin/../lib/gcc/arm-none-eabi/4.9.3/../../../../arm-none-eabi/lib/armv7-m\libcr_c.a(fabs.o)
                              c:/nxp/lpcxpresso_7.7.2_379/lpcxpresso/tools/bin/../lib/gcc/arm-none-eabi/4.9.3/../../../../arm-none-eabi/lib/armv7-m\libcr_c.a(atan2.o) (fabs)
c:/nxp/lpcxpresso_7.7.2_379/lpcxpresso/tools/bin/../lib/gcc/arm-none-eabi/4.9.3/../../../../arm-none-eabi/lib/armv7-m\libcr_c.a(fpprintf.o)
                              ./src/Calibration.o (sprintf)
c:/nxp/lpcxpresso_7.7.2_379/lpcxpresso/tools/bin/../lib/gcc/arm-none-eabi/4.9.3/../../../../arm-none-eabi/lib/armv7-m\libcr_c.a(initio.o)
                              c:/nxp/lpcxpresso_7.7.2_379/lpcxpresso/tools/bin/../lib/gcc/arm-none-eabi/4.9.3/../../../../arm-none-eabi/lib/armv7-m\libcr_nohost.a(_cr__main.o) (_initio)
c:/nxp/lpcxpresso_7.7.2_379/lpcxpresso/tools/bin/../lib/gcc/arm-none-eabi/4.9.3/../../../../arm-none-eabi/lib/armv7-m\libcr_c.a(printf.o)
                              c:/nxp/lpcxpresso_7.7.2_379/lpcxpresso/tools/bin/../lib/gcc/arm-none-eabi/4.9.3/../../../../arm-none-eabi/lib/armv7-m\libcr_c.a(fpprintf.o) (__vfprintf)
c:/nxp/lpcxpresso_7.7.2_379/lpcxpresso/tools/bin/../lib/gcc/arm-none-eabi/4.9.3/../../../../arm-none-eabi/lib/armv7-m\libcr_c.a(scanf.o)
                              ./src/Utils.o (strtod)
c:/nxp/lpcxpresso_7.7.2_379/lpcxpresso/tools/bin/../lib/gcc/arm-none-eabi/4.9.3/../../../../arm-none-eabi/lib/armv7-m\libcr_c.a(setvbuf.o)
                              c:/nxp/lpcxpresso_7.7.2_379/lpcxpresso/tools/bin/../lib/gcc/arm-none-eabi/4.9.3/../../../../arm-none-eabi/lib/armv7-m\libcr_c.a(initio.o) (setvbuf)
c:/nxp/lpcxpresso_7.7.2_379/lpcxpresso/tools/bin/../lib/gcc/arm-none-eabi/4.9.3/../../../../arm-none-eabi/lib/armv7-m\libcr_c.a(sin.o)
                              ./src/GPS.o (sin)
c:/nxp/lpcxpresso_7.7.2_379/lpcxpresso/tools/bin/../lib/gcc/arm-none-eabi/4.9.3/../../../../arm-none-eabi/lib/armv7-m\libcr_c.a(sqrt.o)
                              ./src/GPS.o (sqrt)
c:/nxp/lpcxpresso_7.7.2_379/lpcxpresso/tools/bin/../lib/gcc/arm-none-eabi/4.9.3/../../../../arm-none-eabi/lib/armv7-m\libcr_c.a(stdio.o)
                              c:/nxp/lpcxpresso_7.7.2_379/lpcxpresso/tools/bin/../lib/gcc/arm-none-eabi/4.9.3/../../../../arm-none-eabi/lib/armv7-m\libcr_c.a(fpprintf.o) (__Ciob)
c:/nxp/lpcxpresso_7.7.2_379/lpcxpresso/tools/bin/../lib/gcc/arm-none-eabi/4.9.3/../../../../arm-none-eabi/lib/armv7-m\libcr_c.a(strchr.o)
                              ./src/Calibration.o (strchr)
c:/nxp/lpcxpresso_7.7.2_379/lpcxpresso/tools/bin/../lib/gcc/arm-none-eabi/4.9.3/../../../../arm-none-eabi/lib/armv7-m\libcr_c.a(strcmp.o)
                              ./src/GPS.o (strcmp)
c:/nxp/lpcxpresso_7.7.2_379/lpcxpresso/tools/bin/../lib/gcc/arm-none-eabi/4.9.3/../../../../arm-none-eabi/lib/armv7-m\libcr_c.a(strcpy.o)
                              ./src/Calibration.o (strcpy)
c:/nxp/lpcxpresso_7.7.2_379/lpcxpresso/tools/bin/../lib/gcc/arm-none-eabi/4.9.3/../../../../arm-none-eabi/lib/armv7-m\libcr_c.a(strlen.o)
                              ./src/Calibration.o (strlen)
c:/nxp/lpcxpresso_7.7.2_379/lpcxpresso/tools/bin/../lib/gcc/arm-none-eabi/4.9.3/../../../../arm-none-eabi/lib/armv7-m\libcr_c.a(strncpy.o)
[...]
Memory Configuration

Name             Origin             Length             Attributes
MFlash512        0x00000000         0x00080000         xr
RamLoc32         0x10000000         0x00008000         xrw
RamAHB32         0x2007c000         0x00008000         xrw
*default*        0x00000000         0xffffffff

Linker script and memory map

LOAD ./src/Calibration.o
LOAD ./src/GPS.o
LOAD ./src/GSM.o
LOAD ./src/Utils.o
LOAD ./src/cr_startup_lpc175x_6x.o
LOAD ./src/crc.o
LOAD ./src/crp.o
LOAD ./src/exp_i2c.o
LOAD ./src/iap.o
LOAD ./src/sec_bootloader.o
LOAD ./src/timer.o
LOAD ./src/trace.o
LOAD ./src/uart.o
LOAD ./src/wdt.o
LOAD ./src/xmodem1k.o
LOAD C:\cppwold\triobase\CMSISv2p00_LPC17xx\Debug\libCMSISv2p00_LPC17xx.a
START GROUP
LOAD c:/nxp/lpcxpresso_7.7.2_379/lpcxpresso/tools/bin/../lib/gcc/arm-none-eabi/4.9.3/../../../../arm-none-eabi/lib/armv7-m\libcr_nohost.a
LOAD c:/nxp/lpcxpresso_7.7.2_379/lpcxpresso/tools/bin/../lib/gcc/arm-none-eabi/4.9.3/../../../../arm-none-eabi/lib/armv7-m\libcr_c.a
LOAD c:/nxp/lpcxpresso_7.7.2_379/lpcxpresso/tools/bin/../lib/gcc/arm-none-eabi/4.9.3/armv7-m\libcr_eabihelpers.a
END GROUP
                0x00080000                __top_MFlash512 = 0x80000
                0x10008000                __top_RamLoc32 = 0x10008000
                0x20084000                __top_RamAHB32 = 0x20084000

.text           0x00000000     0x7398
 FILL mask 0xff
                0x00000000                __vectors_start__ = ABSOLUTE (.)
 *(.isr_vector)
 .isr_vector    0x00000000       0xcc ./src/cr_startup_lpc175x_6x.o
                0x00000000                g_pfnVectors
                0x000000cc                . = ALIGN (0x4)
                0x000000cc                __section_table_start = .
                0x000000cc                __data_section_table = .
                0x000000cc        0x4 LONG 0x7398 LOADADDR (.data)
                0x000000d0        0x4 LONG 0x10000000 ADDR (.data)
                0x000000d4        0x4 LONG 0x1c SIZEOF (.data)
                0x000000d8        0x4 LONG 0x7398 LOADADDR (.data_RAM2)
                0x000000dc        0x4 LONG 0x2007c000 ADDR (.data_RAM2)
                0x000000e0        0x4 LONG 0x0 SIZEOF (.data_RAM2)
                0x000000e4                __data_section_table_end = .
                0x000000e4                __bss_section_table = .
                0x000000e4        0x4 LONG 0x10000020 ADDR (.bss)
                0x000000e8        0x4 LONG 0x1b38 SIZEOF (.bss)
                0x000000ec        0x4 LONG 0x2007c000 ADDR (.bss_RAM2)
                0x000000f0        0x4 LONG 0x0 SIZEOF (.bss_RAM2)
                0x000000f4                __bss_section_table_end = .
                0x000000f4                __section_table_end = .
 *(.after_vectors*)
 .after_vectors
                0x000000f4      0x144 ./src/cr_startup_lpc175x_6x.o
                0x000000f4                data_init
                0x00000138                bss_init
                0x00000170                ResetISR
                0x000001e8                NMI_Handler
                0x000001f0                HardFault_Handler
                0x000001f8                MemManage_Handler
                0x00000200                BusFault_Handler
                0x00000208                UsageFault_Handler
                0x00000210                SVC_Handler
                0x00000218                DebugMon_Handler
                0x00000220                PendSV_Handler
                0x00000230                TIMER3_IRQHandler
                0x00000230                PWM1_IRQHandler
                0x00000230                CANActivity_IRQHandler
                0x00000230                IntDefaultHandler
                0x00000230                PLL0_IRQHandler
                0x00000230                CAN_IRQHandler
                0x00000230                PLL1_IRQHandler
                0x00000230                USBActivity_IRQHandler
                0x00000230                I2S_IRQHandler
                0x00000230                EINT3_IRQHandler
                0x00000230                RTC_IRQHandler
                0x00000230                TIMER0_IRQHandler
                0x00000230                SPI_IRQHandler
                0x00000230                RIT_IRQHandler
                0x00000230                EINT1_IRQHandler
                0x00000230                TIMER1_IRQHandler
                0x00000230                ADC_IRQHandler
                0x00000230                SSP1_IRQHandler
                0x00000230                USB_IRQHandler
                0x00000230                BOD_IRQHandler
                0x00000230                EINT2_IRQHandler
                0x00000230                I2C2_IRQHandler
                0x00000230                QEI_IRQHandler
                0x00000230                EINT0_IRQHandler
                0x00000230                SSP0_IRQHandler
                0x00000230                DMA_IRQHandler
                0x00000230                TIMER2_IRQHandler
                0x00000230                MCPWM_IRQHandler
                0x00000230                ENET_IRQHandler
                0x000002fc                . = 0x2fc
 *fill*         0x00000238       0xc4 ff
                0x000002fc                PROVIDE (__CRP_WORD_START__, .)
 *(.crp)
 .crp           0x000002fc        0x4 ./src/crp.o
                0x000002fc                CRP_WORD
                0x00000300                PROVIDE (__CRP_WORD_END__, .)
                0x00000001                ASSERT (! ((__CRP_WORD_START__ == __CRP_WORD_END__)), Linker CRP Enabled, but no CRP_WORD provided within application)
 *(.text*)
 .text.LoadParams
                0x00000300      0x19c ./src/Calibration.o
                0x00000300                LoadParams
 .text.LoadTimings
                0x0000049c      0x2d8 ./src/Calibration.o
                0x0000049c                LoadTimings
 .text.EEPROM_Init
                0x00000774      0x114 ./src/Calibration.o
                0x00000774                EEPROM_Init
 .text.EEPROM_LoadInt64
                0x00000888       0xe4 ./src/Calibration.o
                0x00000888                EEPROM_LoadInt64
 .text.EEPROM_LoadString
                0x0000096c       0x5c ./src/Calibration.o
                0x0000096c                EEPROM_LoadString
 .text.GSM_SendAt
                0x000009c8       0xbc ./src/GSM.o
                0x000009c8                GSM_SendAt
 .text.GSM_TCP_Recv
                0x00000a84       0x34 ./src/GSM.o
                0x00000a84                GSM_TCP_Recv
 .text.GSM_ConnectToTrioUpgradeServer
                0x00000ab8      0x374 ./src/GSM.o
                0x00000ab8                GSM_ConnectToTrioUpgradeServer
 .text.GSM_TCP_Send
                0x00000e2c      0x108 ./src/GSM.o
                0x00000e2c                GSM_TCP_Send
 .text.GSM_TogglePwrKey
                0x00000f34       0x20 ./src/GSM.o
                0x00000f34                GSM_TogglePwrKey
 .text.GSM_ShutdownModule
                0x00000f54       0x64 ./src/GSM.o
                0x00000f54                GSM_ShutdownModule
 .text.GSM_InitModule
                0x00000fb8       0xe8 ./src/GSM.o
                0x00000fb8                GSM_InitModule
 .text.GSM_GetRegStat
                0x000010a0       0x64 ./src/GSM.o
                0x000010a0                GSM_GetRegStat
 .text.GSM_CheckSimCard
                0x00001104       0x44 ./src/GSM.o
                0x00001104                GSM_CheckSimCard
 .text.GSM_GetImei
                0x00001148       0x40 ./src/GSM.o
                0x00001148                GSM_GetImei
 .text.GSM_GetImsi
                0x00001188       0xb8 ./src/GSM.o
                0x00001188                GSM_GetImsi
 .text.GSM_EchoOFF
                0x00001240       0x28 ./src/GSM.o
                0x00001240                GSM_EchoOFF
 .text.GSM_TCP_Close
                0x00001268       0x28 ./src/GSM.o
                0x00001268                GSM_TCP_Close
 .text.NVIC_EnableIRQ
                0x00001290       0x30 ./src/exp_i2c.o
 .text.I2C0_IRQHandler
                0x000012c0      0x344 ./src/exp_i2c.o
                0x000012c0                I2C0_IRQHandler
 .text.I2C1_IRQHandler
                0x00001604      0x2e0 ./src/exp_i2c.o
                0x00001604                I2C1_IRQHandler
 .text.I2CStart
                0x000018e4       0x9c ./src/exp_i2c.o
                0x000018e4                I2CStart
 .text.I2CStop  0x00001980       0x68 ./src/exp_i2c.o
                0x00001980                I2CStop
 .text.I2CInit  0x000019e8       0xf4 ./src/exp_i2c.o
                0x000019e8                I2CInit
 .text.I2CEngine
                0x00001adc       0xd8 ./src/exp_i2c.o
                0x00001adc                I2CEngine
 .text.i2c_read
                0x00001bb4       0xe0 ./src/exp_i2c.o
                0x00001bb4                i2c_read
 .text.u32IAP_PrepareSectors
                0x00001c94       0x48 ./src/iap.o
                0x00001c94                u32IAP_PrepareSectors
 .text.u32IAP_CopyRAMToFlash
                0x00001cdc       0x54 ./src/iap.o
                0x00001cdc                u32IAP_CopyRAMToFlash
 .text.u32IAP_EraseSectors
                0x00001d30       0x60 ./src/iap.o
                0x00001d30                u32IAP_EraseSectors
 .text.u32IAP_BlankCheckSectors
                0x00001d90       0x5c ./src/iap.o
                0x00001d90                u32IAP_BlankCheckSectors
 .text.u32IAP_Compare
                0x00001dec       0x50 ./src/iap.o
                0x00001dec                u32IAP_Compare
 .text.NVIC_EnableIRQ
                0x00001e3c       0x30 ./src/sec_bootloader.o
 .text.NVIC_SetPriority
                0x00001e6c       0x54 ./src/sec_bootloader.o
 .text.SysTick_Config
                0x00001ec0       0x44 ./src/sec_bootloader.o
 .text.ConfigurePins
                0x00001f04      0x100 ./src/sec_bootloader.o
                0x00001f04                ConfigurePins
 .text.main     0x00002004      0x1d8 ./src/sec_bootloader.o
                0x00002004                main
 .text.IsUpgradeRequested
                0x000021dc       0x20 ./src/sec_bootloader.o
                0x000021dc                IsUpgradeRequested
 .text.DownloadSecondaryImage
                0x000021fc       0x78 ./src/sec_bootloader.o
                0x000021fc                DownloadSecondaryImage
 .text.ExecuteApplicationImage
                0x00002274       0x30 ./src/sec_bootloader.o
                0x00002274                ExecuteApplicationImage
 .text.load_image
                0x000022a4      0x224 ./src/sec_bootloader.o
 .text.SysTick_Handler
                0x000024c8       0x1c ./src/timer.o
                0x000024c8                SysTick_Handler
 .text.DelayMs  0x000024e4       0x2c ./src/timer.o
                0x000024e4                DelayMs
 .text.Trace    0x00002510       0x20 ./src/trace.o
                0x00002510                Trace
 .text.TraceNL  0x00002530       0x30 ./src/trace.o
                0x00002530                TraceNL
 .text.TracePutc
                0x00002560       0x1c ./src/trace.o
                0x00002560                TracePutc
 .text.TracePutcHex
                0x0000257c       0x38 ./src/trace.o
                0x0000257c                TracePutcHex
 .text.TraceDumpHex
                0x000025b4      0x198 ./src/trace.o
                0x000025b4                TraceDumpHex
 .text.NVIC_EnableIRQ
                0x0000274c       0x30 ./src/uart.o
 .text.NVIC_DisableIRQ
                0x0000277c       0x34 ./src/uart.o
 .text.UART0_IRQHandler
                0x000027b0      0x108 ./src/uart.o
                0x000027b0                UART0_IRQHandler
 .text.UART1_IRQHandler
                0x000028b8      0x108 ./src/uart.o
                0x000028b8                UART1_IRQHandler
 .text.UART2_IRQHandler
                0x000029c0      0x10c ./src/uart.o
                0x000029c0                UART2_IRQHandler
 .text.UART3_IRQHandler
                0x00002acc      0x108 ./src/uart.o
                0x00002acc                UART3_IRQHandler
 .text.UARTInit
                0x00002bd4      0x314 ./src/uart.o
                0x00002bd4                UARTInit
 .text.UARTSend
                0x00002ee8      0x138 ./src/uart.o
                0x00002ee8                UARTSend
 .text.ReadUart
                0x00003020      0x174 ./src/uart.o
                0x00003020                ReadUart
 .text.NVIC_EnableIRQ
                0x00003194       0x30 ./src/wdt.o
 .text.WDT_IRQHandler
                0x000031c4       0x30 ./src/wdt.o
                0x000031c4                WDT_IRQHandler
 .text.WDTInit  0x000031f4       0x3c ./src/wdt.o
                0x000031f4                WDTInit
 .text.WDTFeed  0x00003230       0x20 ./src/wdt.o
                0x00003230                WDTFeed
 .text.XModemReadByte
                0x00003250      0x14c ./src/xmodem1k.o
                0x00003250                XModemReadByte
 .text.XModem1K_Client
                0x0000339c      0x318 ./src/xmodem1k.o
                0x0000339c                XModem1K_Client
 .text.vTimerStart
                0x000036b4       0x7c ./src/xmodem1k.o
 .text.SystemCoreClockUpdate
                0x00003730       0xac C:\cppwold\triobase\CMSISv2p00_LPC17xx\Debug\libCMSISv2p00_LPC17xx.a(system_LPC17xx.o)
                0x00003730                SystemCoreClockUpdate
 .text.SystemInit
                0x000037dc       0xe0 C:\cppwold\triobase\CMSISv2p00_LPC17xx\Debug\libCMSISv2p00_LPC17xx.a(system_LPC17xx.o)
                0x000037dc                SystemInit
 .text.__main   0x000038bc       0x14 c:/nxp/lpcxpresso_7.7.2_379/lpcxpresso/tools/bin/../lib/gcc/arm-none-eabi/4.9.3/../../../../arm-none-eabi/lib/armv7-m\libcr_nohost.a(_cr__main.o)
                0x000038bc                __main
 .text.memset   0x000038d0        0x4 c:/nxp/lpcxpresso_7.7.2_379/lpcxpresso/tools/bin/../lib/gcc/arm-none-eabi/4.9.3/../../../../arm-none-eabi/lib/armv7-m\libcr_c.a(memset.o)
                0x000038d0                memset
 .text.malloc   0x000038d4       0xcc c:/nxp/lpcxpresso_7.7.2_379/lpcxpresso/tools/bin/../lib/gcc/arm-none-eabi/4.9.3/../../../../arm-none-eabi/lib/armv7-m\libcr_c.a(alloc.o)
                0x000038d4                malloc
 .text.free     0x000039a0       0x30 c:/nxp/lpcxpresso_7.7.2_379/lpcxpresso/tools/bin/../lib/gcc/arm-none-eabi/4.9.3/../../../../arm-none-eabi/lib/armv7-m\libcr_c.a(alloc.o)
                0x000039a0                free
 .text._Csys_alloc
                0x000039d0       0x20 c:/nxp/lpcxpresso_7.7.2_379/lpcxpresso/tools/bin/../lib/gcc/arm-none-eabi/4.9.3/../../../../arm-none-eabi/lib/armv7-m\libcr_c.a(alloc.o)
                0x000039d0                _Csys_alloc
 .text.fp_round
                0x000039f0       0x4a c:/nxp/lpcxpresso_7.7.2_379/lpcxpresso/tools/bin/../lib/gcc/arm-none-eabi/4.9.3/../../../../arm-none-eabi/lib/armv7-m\libcr_c.a(fpprintf.o)
 .text.pr_dec.constprop.1
                0x00003a3a       0x26 c:/nxp/lpcxpresso_7.7.2_379/lpcxpresso/tools/bin/../lib/gcc/arm-none-eabi/4.9.3/../../../../arm-none-eabi/lib/armv7-m\libcr_c.a(fpprintf.o)
 .text.sprintf  0x00003a60       0x6c c:/nxp/lpcxpresso_7.7.2_379/lpcxpresso/tools/bin/../lib/gcc/arm-none-eabi/4.9.3/../../../../arm-none-eabi/lib/armv7-m\libcr_c.a(fpprintf.o)
                0x00003a60                sprintf
 *fill*         0x00003acc        0x4 
 .text.fp_display
                0x00003ad0      0x900 c:/nxp/lpcxpresso_7.7.2_379/lpcxpresso/tools/bin/../lib/gcc/arm-none-eabi/4.9.3/../../../../arm-none-eabi/lib/armv7-m\libcr_c.a(fpprintf.o)
 .text._initio  0x000043d0       0xa4 c:/nxp/lpcxpresso_7.7.2_379/lpcxpresso/tools/bin/../lib/gcc/arm-none-eabi/4.9.3/../../../../arm-none-eabi/lib/armv7-m\libcr_c.a(initio.o)
                0x000043d0                _initio
 .text.__vfprintf
                0x00004474      0xca4 c:/nxp/lpcxpresso_7.7.2_379/lpcxpresso/tools/bin/../lib/gcc/arm-none-eabi/4.9.3/../../../../arm-none-eabi/lib/armv7-m\libcr_c.a(printf.o)
                0x00004474                __vfprintf
 .text.ch_val   0x00005118       0x30 c:/nxp/lpcxpresso_7.7.2_379/lpcxpresso/tools/bin/../lib/gcc/arm-none-eabi/4.9.3/../../../../arm-none-eabi/lib/armv7-m\libcr_c.a(scanf.o)
 .text._strtoul
                0x00005148       0xbc c:/nxp/lpcxpresso_7.7.2_379/lpcxpresso/tools/bin/../lib/gcc/arm-none-eabi/4.9.3/../../../../arm-none-eabi/lib/armv7-m\libcr_c.a(scanf.o)
 .text.strtol   0x00005204       0x78 c:/nxp/lpcxpresso_7.7.2_379/lpcxpresso/tools/bin/../lib/gcc/arm-none-eabi/4.9.3/../../../../arm-none-eabi/lib/armv7-m\libcr_c.a(scanf.o)
                0x00005204                strtol
 .text.atoi     0x0000527c       0x18 c:/nxp/lpcxpresso_7.7.2_379/lpcxpresso/tools/bin/../lib/gcc/arm-none-eabi/4.9.3/../../../../arm-none-eabi/lib/armv7-m\libcr_c.a(scanf.o)
                0x0000527c                atoi
 .text.setvbuf  0x00005294       0x40 c:/nxp/lpcxpresso_7.7.2_379/lpcxpresso/tools/bin/../lib/gcc/arm-none-eabi/4.9.3/../../../../arm-none-eabi/lib/armv7-m\libcr_c.a(setvbuf.o)
                0x00005294                setvbuf
 .text.strchr   0x000052d4       0x1a c:/nxp/lpcxpresso_7.7.2_379/lpcxpresso/tools/bin/../lib/gcc/arm-none-eabi/4.9.3/../../../../arm-none-eabi/lib/armv7-m\libcr_c.a(strchr.o)
                0x000052d4                strchr
 .text.strcpy   0x000052ee       0x42 c:/nxp/lpcxpresso_7.7.2_379/lpcxpresso/tools/bin/../lib/gcc/arm-none-eabi/4.9.3/../../../../arm-none-eabi/lib/armv7-m\libcr_c.a(strcpy.o)
                0x000052ee                strcpy
 .text.strlen   0x00005330       0x4a c:/nxp/lpcxpresso_7.7.2_379/lpcxpresso/tools/bin/../lib/gcc/arm-none-eabi/4.9.3/../../../../arm-none-eabi/lib/armv7-m\libcr_c.a(strlen.o)
                0x00005330                strlen
 .text.strncpy  0x0000537a       0x58 c:/nxp/lpcxpresso_7.7.2_379/lpcxpresso/tools/bin/../lib/gcc/arm-none-eabi/4.9.3/../../../../arm-none-eabi/lib/armv7-m\libcr_c.a(strncpy.o)
                0x0000537a                strncpy
 .text.strstr   0x000053d2       0x1e c:/nxp/lpcxpresso_7.7.2_379/lpcxpresso/tools/bin/../lib/gcc/arm-none-eabi/4.9.3/../../../../arm-none-eabi/lib/armv7-m\libcr_c.a(strstr.o)
                0x000053d2                strstr
 .text._sbrk    0x000053f0       0x40 c:/nxp/lpcxpresso_7.7.2_379/lpcxpresso/tools/bin/../lib/gcc/arm-none-eabi/4.9.3/../../../../arm-none-eabi/lib/armv7-m\libcr_c.a(_cr_sbrk.o)
                0x000053f0                _sbrk
 .text._deferredlazyseek
                0x00005430       0x44 c:/nxp/lpcxpresso_7.7.2_379/lpcxpresso/tools/bin/../lib/gcc/arm-none-eabi/4.9.3/../../../../arm-none-eabi/lib/armv7-m\libcr_c.a(_deferredlazyseek.o)
                0x00005430                _deferredlazyseek
 .text.__flsbuf
                0x00005474      0x142 c:/nxp/lpcxpresso_7.7.2_379/lpcxpresso/tools/bin/../lib/gcc/arm-none-eabi/4.9.3/../../../../arm-none-eabi/lib/armv7-m\libcr_c.a(_deferredlazyseek.o)
                0x00005474                __flsbuf
 .text._fdopen  0x000055b6       0x6a c:/nxp/lpcxpresso_7.7.2_379/lpcxpresso/tools/bin/../lib/gcc/arm-none-eabi/4.9.3/../../../../arm-none-eabi/lib/armv7-m\libcr_c.a(_fdopen.o)
                0x000055b6                _fdopen
 .text._fflush  0x00005620       0x58 c:/nxp/lpcxpresso_7.7.2_379/lpcxpresso/tools/bin/../lib/gcc/arm-none-eabi/4.9.3/../../../../arm-none-eabi/lib/armv7-m\libcr_c.a(_fflush.o)
                0x00005620                _fflush
 .text._frexpl  0x00005678       0x5a c:/nxp/lpcxpresso_7.7.2_379/lpcxpresso/tools/bin/../lib/gcc/arm-none-eabi/4.9.3/../../../../arm-none-eabi/lib/armv7-m\libcr_c.a(_frexpl.o)
                0x00005678                _frexpl
 *fill*         0x000056d2        0x2 
 .text._ldexpl  0x000056d4       0x4c c:/nxp/lpcxpresso_7.7.2_379/lpcxpresso/tools/bin/../lib/gcc/arm-none-eabi/4.9.3/../../../../arm-none-eabi/lib/armv7-m\libcr_c.a(_ldexpl.o)
                0x000056d4                _ldexpl
 .text._Cwritebuf
                0x00005720       0x70 c:/nxp/lpcxpresso_7.7.2_379/lpcxpresso/tools/bin/../lib/gcc/arm-none-eabi/4.9.3/../../../../arm-none-eabi/lib/armv7-m\libcr_c.a(_writebuf.o)
                0x00005720                _Cwritebuf
 .text.fclose   0x00005790       0x6c c:/nxp/lpcxpresso_7.7.2_379/lpcxpresso/tools/bin/../lib/gcc/arm-none-eabi/4.9.3/../../../../arm-none-eabi/lib/armv7-m\libcr_c.a(fclose.o)
                0x00005790                fclose
 .text.fflush   0x000057fc       0x30 c:/nxp/lpcxpresso_7.7.2_379/lpcxpresso/tools/bin/../lib/gcc/arm-none-eabi/4.9.3/../../../../arm-none-eabi/lib/armv7-m\libcr_c.a(fflush.o)
                0x000057fc                fflush
 .text.fseek    0x0000582c      0x110 c:/nxp/lpcxpresso_7.7.2_379/lpcxpresso/tools/bin/../lib/gcc/arm-none-eabi/4.9.3/../../../../arm-none-eabi/lib/armv7-m\libcr_c.a(fseek.o)
                0x0000582c                fseek
 .text.ftell    0x0000593c       0x4c c:/nxp/lpcxpresso_7.7.2_379/lpcxpresso/tools/bin/../lib/gcc/arm-none-eabi/4.9.3/../../../../arm-none-eabi/lib/armv7-m\libcr_c.a(ftell.o)
                0x0000593c                ftell
 .text.remove   0x00005988       0x14 c:/nxp/lpcxpresso_7.7.2_379/lpcxpresso/tools/bin/../lib/gcc/arm-none-eabi/4.9.3/../../../../arm-none-eabi/lib/armv7-m\libcr_c.a(remove.o)
                0x00005988                remove
 .text.__check_heap_overflow
                0x0000599c       0x18 c:/nxp/lpcxpresso_7.7.2_379/lpcxpresso/tools/bin/../lib/gcc/arm-none-eabi/4.9.3/../../../../arm-none-eabi/lib/armv7-m\libcr_c.a(_cr_check_heap.o)
                0x0000599c                __check_heap_overflow
 .text._do_fflush
                0x000059b4       0x44 c:/nxp/lpcxpresso_7.7.2_379/lpcxpresso/tools/bin/../lib/gcc/arm-none-eabi/4.9.3/../../../../arm-none-eabi/lib/armv7-m\libcr_c.a(_do_fflush.o)
                0x000059b4                _do_fflush
 .text.__aeabi_division_uldivmod
                0x000059f8      0x174 c:/nxp/lpcxpresso_7.7.2_379/lpcxpresso/tools/bin/../lib/gcc/arm-none-eabi/4.9.3/armv7-m\libcr_eabihelpers.a(division_64.o)
                0x000059f8                __aeabi_uldivmod
                0x000059fc                __bhs_ldivmod1
 .text.__aeabi_division_idiv0
                0x00005b6c        0x2 c:/nxp/lpcxpresso_7.7.2_379/lpcxpresso/tools/bin/../lib/gcc/arm-none-eabi/4.9.3/armv7-m\libcr_eabihelpers.a(division_idiv0.o)
                0x00005b6c                __aeabi_idiv0
 *fill*         0x00005b6e        0x2 
 .text.__aeabi_dmul
                0x00005b70      0x120 c:/nxp/lpcxpresso_7.7.2_379/lpcxpresso/tools/bin/../lib/gcc/arm-none-eabi/4.9.3/armv7-m\libcr_eabihelpers.a(double.o)
                0x00005b70                __aeabi_dmul
 .text.__aeabi_ddiv
                0x00005c90      0x150 c:/nxp/lpcxpresso_7.7.2_379/lpcxpresso/tools/bin/../lib/gcc/arm-none-eabi/4.9.3/armv7-m\libcr_eabihelpers.a(double.o)
                0x00005c90                __aeabi_ddiv
 .text.__aeabi_dsub
                0x00005de0      0x1d8 c:/nxp/lpcxpresso_7.7.2_379/lpcxpresso/tools/bin/../lib/gcc/arm-none-eabi/4.9.3/armv7-m\libcr_eabihelpers.a(double.o)
                0x00005de0                __aeabi_dsub
 .text.__aeabi_dadd
                0x00005fb8      0x134 c:/nxp/lpcxpresso_7.7.2_379/lpcxpresso/tools/bin/../lib/gcc/arm-none-eabi/4.9.3/armv7-m\libcr_eabihelpers.a(double.o)
                0x00005fb8                __aeabi_dadd
 .text.__aeabi_d2iz
                0x000060ec       0x40 c:/nxp/lpcxpresso_7.7.2_379/lpcxpresso/tools/bin/../lib/gcc/arm-none-eabi/4.9.3/armv7-m\libcr_eabihelpers.a(double.o)
                0x000060ec                __aeabi_d2iz
 .text.__bhs_ui2d
                0x0000612c       0x48 c:/nxp/lpcxpresso_7.7.2_379/lpcxpresso/tools/bin/../lib/gcc/arm-none-eabi/4.9.3/armv7-m\libcr_eabihelpers.a(double.o)
                0x0000612c                __bhs_ui2d
 .text.__aeabi_i2d
                0x00006174       0x14 c:/nxp/lpcxpresso_7.7.2_379/lpcxpresso/tools/bin/../lib/gcc/arm-none-eabi/4.9.3/armv7-m\libcr_eabihelpers.a(double.o)
                0x00006174                __aeabi_i2d
 .text.__aeabi_dcmpeq
                0x00006188       0x2c c:/nxp/lpcxpresso_7.7.2_379/lpcxpresso/tools/bin/../lib/gcc/arm-none-eabi/4.9.3/armv7-m\libcr_eabihelpers.a(double.o)
                0x00006188                __aeabi_dcmpeq
 .text.__aeabi_dcmplt
                0x000061b4       0x5c c:/nxp/lpcxpresso_7.7.2_379/lpcxpresso/tools/bin/../lib/gcc/arm-none-eabi/4.9.3/armv7-m\libcr_eabihelpers.a(double.o)
                0x000061b4                __aeabi_dcmplt
 .text.__aeabi_dcmple
                0x00006210       0x5c c:/nxp/lpcxpresso_7.7.2_379/lpcxpresso/tools/bin/../lib/gcc/arm-none-eabi/4.9.3/armv7-m\libcr_eabihelpers.a(double.o)
                0x00006210                __aeabi_dcmple
 .text.__aeabi_dcmpge
                0x0000626c       0x5c c:/nxp/lpcxpresso_7.7.2_379/lpcxpresso/tools/bin/../lib/gcc/arm-none-eabi/4.9.3/armv7-m\libcr_eabihelpers.a(double.o)
                0x0000626c                __aeabi_dcmpge
 .text.__aeabi_memset_lowlevel
                0x000062c8       0x32 c:/nxp/lpcxpresso_7.7.2_379/lpcxpresso/tools/bin/../lib/gcc/arm-none-eabi/4.9.3/armv7-m\libcr_eabihelpers.a(memcpy.o)
                0x000062c8                __aeabi_lowlevel_memset
 .text.__sys_appexit
                0x000062fa        0x2 c:/nxp/lpcxpresso_7.7.2_379/lpcxpresso/tools/bin/../lib/gcc/arm-none-eabi/4.9.3/../../../../arm-none-eabi/lib/armv7-m\libcr_nohost.a(__sys_appexit.o)
                0x000062fa                __sys_appexit
                0x000062fa                __exit
 .text.__sys_close
                0x000062fc        0x6 c:/nxp/lpcxpresso_7.7.2_379/lpcxpresso/tools/bin/../lib/gcc/arm-none-eabi/4.9.3/../../../../arm-none-eabi/lib/armv7-m\libcr_nohost.a(__sys_close.o)
                0x000062fc                __sys_close
 .text.__sys_flen
                0x00006302        0x6 c:/nxp/lpcxpresso_7.7.2_379/lpcxpresso/tools/bin/../lib/gcc/arm-none-eabi/4.9.3/../../../../arm-none-eabi/lib/armv7-m\libcr_nohost.a(__sys_flen.o)
                0x00006302                __sys_flen
 .text.__sys_istty
                0x00006308        0x6 c:/nxp/lpcxpresso_7.7.2_379/lpcxpresso/tools/bin/../lib/gcc/arm-none-eabi/4.9.3/../../../../arm-none-eabi/lib/armv7-m\libcr_nohost.a(__sys_istty.o)
                0x00006308                __sys_istty
 .text.__sys_remove
                0x0000630e        0x6 c:/nxp/lpcxpresso_7.7.2_379/lpcxpresso/tools/bin/../lib/gcc/arm-none-eabi/4.9.3/../../../../arm-none-eabi/lib/armv7-m\libcr_nohost.a(__sys_remove.o)
                0x0000630e                __sys_remove
 .text.__sys_seek
                0x00006314        0x6 c:/nxp/lpcxpresso_7.7.2_379/lpcxpresso/tools/bin/../lib/gcc/arm-none-eabi/4.9.3/../../../../arm-none-eabi/lib/armv7-m\libcr_nohost.a(__sys_seek.o)
                0x00006314                __sys_seek
 .text.__sys_tmpnam
                0x0000631a        0x6 c:/nxp/lpcxpresso_7.7.2_379/lpcxpresso/tools/bin/../lib/gcc/arm-none-eabi/4.9.3/../../../../arm-none-eabi/lib/armv7-m\libcr_nohost.a(__sys_tmpnam.o)
                0x0000631a                __sys_tmpnam
 .text.__sys_write
                0x00006320        0x4 c:/nxp/lpcxpresso_7.7.2_379/lpcxpresso/tools/bin/../lib/gcc/arm-none-eabi/4.9.3/../../../../arm-none-eabi/lib/armv7-m\libcr_nohost.a(__sys_write.o)
                0x00006320                __sys_write
                0x00006320                __write
 *(.rodata .rodata.* .constdata .constdata.*)
 .rodata        0x00006324      0x178 ./src/Calibration.o
 .rodata        0x0000649c      0x4c4 ./src/GSM.o
 .rodata        0x00006960      0x6c4 ./src/sec_bootloader.o
 .rodata        0x00007024       0x20 ./src/trace.o
 .rodata        0x00007044      0x144 ./src/xmodem1k.o
 .rodata.str1.1
                0x00007188       0x18 c:/nxp/lpcxpresso_7.7.2_379/lpcxpresso/tools/bin/../lib/gcc/arm-none-eabi/4.9.3/../../../../arm-none-eabi/lib/armv7-m\libcr_c.a(alloc.o)
 .rodata.__ctype
                0x000071a0      0x180 c:/nxp/lpcxpresso_7.7.2_379/lpcxpresso/tools/bin/../lib/gcc/arm-none-eabi/4.9.3/../../../../arm-none-eabi/lib/armv7-m\libcr_c.a(ctype.o)
                0x000071a0                __ctype
 .rodata.str1.1
                0x00007320       0x34 c:/nxp/lpcxpresso_7.7.2_379/lpcxpresso/tools/bin/../lib/gcc/arm-none-eabi/4.9.3/../../../../arm-none-eabi/lib/armv7-m\libcr_c.a(fpprintf.o)
                                 0x35 (size before relaxing)
 .rodata.str1.1
                0x00007354        0x4 c:/nxp/lpcxpresso_7.7.2_379/lpcxpresso/tools/bin/../lib/gcc/arm-none-eabi/4.9.3/../../../../arm-none-eabi/lib/armv7-m\libcr_c.a(initio.o)
 .rodata.str1.1
                0x00007358       0x31 c:/nxp/lpcxpresso_7.7.2_379/lpcxpresso/tools/bin/../lib/gcc/arm-none-eabi/4.9.3/../../../../arm-none-eabi/lib/armv7-m\libcr_c.a(printf.o)
                                 0x38 (size before relaxing)
 *fill*         0x00007389        0x7 
 .rodata.__huge_vall
                0x00007390        0x8 c:/nxp/lpcxpresso_7.7.2_379/lpcxpresso/tools/bin/../lib/gcc/arm-none-eabi/4.9.3/../../../../arm-none-eabi/lib/armv7-m\libcr_c.a(_hugeval.o)
                0x00007390                __huge_vall
                0x00007398                . = ALIGN (0x4)

.glue_7         0x00007398        0x0
 .glue_7        0x00000000        0x0 linker stubs

.glue_7t        0x00007398        0x0
 .glue_7t       0x00000000        0x0 linker stubs

.vfp11_veneer   0x00007398        0x0
 .vfp11_veneer  0x00000000        0x0 linker stubs

.v4_bx          0x00007398        0x0
 .v4_bx         0x00000000        0x0 linker stubs

.iplt           0x00007398        0x0
 .iplt          0x00000000        0x0 ./src/Calibration.o

.rel.dyn        0x00007398        0x0
 .rel.iplt      0x00000000        0x0 ./src/Calibration.o

.ARM.extab
 *(.ARM.extab* .gnu.linkonce.armextab.*)
                0x00007398                __exidx_start = .

.ARM.exidx
 *(.ARM.exidx* .gnu.linkonce.armexidx.*)
                0x00007398                __exidx_end = .
                0x00007398                _etext = .

.data_RAM2      0x2007c000        0x0 load address 0x00007398
 FILL mask 0xff
                0x2007c000                PROVIDE (__start_data_RAM2, .)
 *(.ramfunc.$RAM2)
 *(.ramfunc.$RamAHB32)
 *(.data.$RAM2*)
 *(.data.$RamAHB32*)
                0x2007c000                . = ALIGN (0x4)
                0x2007c000                PROVIDE (__end_data_RAM2, .)

.uninit_RESERVED
                0x10000000        0x0
 *(.bss.$RESERVED*)
                0x10000000                . = ALIGN (0x4)
                0x10000000                _end_uninit_RESERVED = .

.data           0x10000000       0x1c load address 0x00007398
 FILL mask 0xff
                0x10000000                _data = .
 *(vtable)
 *(.ramfunc*)
 *(.data*)
 .data.static_update_server_ip
                0x10000000       0x10 ./src/Calibration.o
                0x10000000                static_update_server_ip
 .data.last_hard_reset
                0x10000010        0x4 ./src/GSM.o
                0x10000010                last_hard_reset
 .data.UART0TxEmpty
                0x10000014        0x1 ./src/uart.o
                0x10000014                UART0TxEmpty
 .data.UART1TxEmpty
                0x10000015        0x1 ./src/uart.o
                0x10000015                UART1TxEmpty
 .data.UART3TxEmpty
                0x10000016        0x1 ./src/uart.o
                0x10000016                UART3TxEmpty
 .data.UART2TxEmpty
                0x10000017        0x1 ./src/uart.o
                0x10000017                UART2TxEmpty
 .data.SystemCoreClock
                0x10000018        0x4 C:\cppwold\triobase\CMSISv2p00_LPC17xx\Debug\libCMSISv2p00_LPC17xx.a(system_LPC17xx.o)
                0x10000018                SystemCoreClock
                0x1000001c                . = ALIGN (0x4)
                0x1000001c                _edata = .

.igot.plt       0x1000001c        0x0 load address 0x000073b4
 .igot.plt      0x00000000        0x0 ./src/Calibration.o

.bss_RAM2       0x2007c000        0x0
                0x2007c000                PROVIDE (__start_bss_RAM2, .)
 *(.bss.$RAM2*)
 *(.bss.$RamAHB32*)
                0x2007c000                . = ALIGN (0x4)
                0x2007c000                PROVIDE (__end_bss_RAM2, .)

.bss            0x10000020     0x1b38
                0x10000020                _bss = .
 *(.bss*)
 .bss.connectionFailCount
                0x10000020        0x4 ./src/GSM.o
                0x10000020                connectionFailCount
 .bss.I2C0_MasterState
                0x10000024        0x4 ./src/exp_i2c.o
                0x10000024                I2C0_MasterState
 .bss.RdIndex_0
                0x10000028        0x4 ./src/exp_i2c.o
                0x10000028                RdIndex_0
 .bss.WrIndex_0
                0x1000002c        0x4 ./src/exp_i2c.o
                0x1000002c                WrIndex_0
 .bss.flashWriteBuffer
                0x10000030      0x100 ./src/sec_bootloader.o
 .bss.flashWriteIndex
                0x10000130        0x4 ./src/sec_bootloader.o
 .bss.received_data
                0x10000134        0x4 ./src/sec_bootloader.o
 .bss.UART0Count
                0x10000138        0x2 ./src/uart.o
                0x10000138                UART0Count
 .bss.UART1Count
                0x1000013a        0x2 ./src/uart.o
                0x1000013a                UART1Count
 .bss.UART2Count
                0x1000013c        0x2 ./src/uart.o
                0x1000013c                UART2Count
 .bss.UART3Count
                0x1000013e        0x2 ./src/uart.o
                0x1000013e                UART3Count
 .bss.au8RxBuffer
                0x10000140      0x400 ./src/xmodem1k.o
 .bss.receiveBuf
                0x10000540      0x5dc ./src/xmodem1k.o
 .bss.dataLen   0x10000b1c        0x2 ./src/xmodem1k.o
 .bss.dataIndex
                0x10000b1e        0x2 ./src/xmodem1k.o
 .bss.errno     0x10000b20        0x4 c:/nxp/lpcxpresso_7.7.2_379/lpcxpresso/tools/bin/../lib/gcc/arm-none-eabi/4.9.3/../../../../arm-none-eabi/lib/armv7-m\libcr_c.a(errno.o)
                0x10000b20                errno
 *(COMMON)
 *fill*         0x10000b24        0x4 
 COMMON         0x10000b28       0xea ./src/Calibration.o
                0x10000b28                per_lowpow_period
                0x10000b2c                cal_apn_pass
                0x10000b30                per_ignoffperiod_val
                0x10000b34                j
                0x10000b38                per_ip_val
                0x10000b60                cal_ign_on_period
                0x10000b64                per_ignonroamingperiod_val
                0x10000b68                per_ignonperiod_val
                0x10000b6c                cal_lowpow_mode
                0x10000b70                per_lowpow_mode
                0x10000b74                cal_coffee_counter
                0x10000b78                cal_mileage
                0x10000b7c                per_lowpow_just_wake
                0x10000b80                cal_ign_on_roaming_period
                0x10000b84                cal_lowpow_cancel
                0x10000b88                per_apnuser_val
                0x10000b9c                i
                0x10000ba0                test
                0x10000ba4                cal_apn_user
                0x10000ba8                per_port_val
                0x10000bac                STT_Value
                0x10000bb0                cal_ign_off_roaming_period
                0x10000bb4                cal_port
                0x10000bb8                cal_ip
                0x10000bbc                cal_lowpow_just_wake
                0x10000bc0                per_lowpow_cancel
                0x10000bc4                per_coffe_counter
                0x10000bc8                per_mileage_val
                0x10000bd0                cal_ign_off_period
                0x10000bd4                per_ignoffroamingperiod_val
                0x10000bd8                per_apnpass_val
                0x10000bec                cal_lowpow_period
                0x10000bf0                cal_apn
                0x10000bf4                per_apn_val
 *fill*         0x10000c12        0x6 
 COMMON         0x10000c18      0x1e0 ./src/GPS.o
                0x10000c18                gpsHeading
                0x10000c20                fixType
                0x10000c24                numSats
                0x10000c28                vdop
                0x10000c30                prev_lat
                0x10000c38                GGAFields
                0x10000c74                last_gps_time
                0x10000c78                GSAFields
                0x10000cc0                gps_led_val
                0x10000cc4                pFields
                0x10000cc8                pdop
                0x10000ccc                tempPFields
                0x10000cfc                is_gps_valid
                0x10000d00                ewns
                0x10000d08                last_lon
                0x10000d10                prev_lon
                0x10000d18                last_valid_gprmc
                0x10000de0                gpsSpeed
                0x10000de8                device_power_state
                0x10000dec                hdop
                0x10000df0                last_lat
 COMMON         0x10000df8       0x46 ./src/GSM.o
                0x10000df8                imsi
                0x10000e0c                imei
                0x10000e20                lbs_str
 *fill*         0x10000e3e        0x2 
 COMMON         0x10000e40       0xb4 ./src/exp_i2c.o
                0x10000e40                I2C1_WriteLength
                0x10000e44                RdIndex_1
                0x10000e48                I2C0_Mode
                0x10000e4c                I2C1_SlaveState
                0x10000e50                I2C0_ReadLength
                0x10000e54                I2C1_ReadLength
                0x10000e58                I2C1_Mode
                0x10000e5c                I2C1_Count
                0x10000e60                I2C1_SlaveBuffer
                0x10000e80                I2C1_Cmd
                0x10000e84                I2C1_MasterState
                0x10000e88                I2C0_SlaveBuffer
                0x10000ea8                I2C0_WriteLength
                0x10000eac                I2C1_MasterBuffer
                0x10000ecc                I2C0_MasterBuffer
                0x10000eec                I2C0_Cmd
                0x10000ef0                WrIndex_1
 COMMON         0x10000ef4      0xb14 ./src/uart.o
                0x10000ef4                UART2CountOku
                0x10000ef8                UART1Buffer
                0x10000ff7                UART1CountOku
                0x10000ff8                UART2Status
                0x10000ffc                UART3CountOku
                0x10001000                UART3Status
                0x10001004                UART0Buffer
                0x10001104                UART1Status
                0x10001108                UART0CountOku
                0x1000110c                UART3Buffer
                0x1000120c                UART2Buffer
                0x10001a04                UART0Status
 COMMON         0x10001a08        0x4 ./src/wdt.o
                0x10001a08                wdt_counter
 COMMON         0x10001a0c        0x4 c:/nxp/lpcxpresso_7.7.2_379/lpcxpresso/tools/bin/../lib/gcc/arm-none-eabi/4.9.3/../../../../arm-none-eabi/lib/armv7-m\libcr_c.a(initio.o)
                0x10001a0c                _extra
 COMMON         0x10001a10      0x140 c:/nxp/lpcxpresso_7.7.2_379/lpcxpresso/tools/bin/../lib/gcc/arm-none-eabi/4.9.3/../../../../arm-none-eabi/lib/armv7-m\libcr_c.a(stdio.o)
                0x10001a10                __Ciob
 COMMON         0x10001b50        0x8 c:/nxp/lpcxpresso_7.7.2_379/lpcxpresso/tools/bin/../lib/gcc/arm-none-eabi/4.9.3/../../../../arm-none-eabi/lib/armv7-m\libcr_c.a(__init_alloc.o)
                0x10001b50                __heaps
                0x10001b54                __end_of_heap
                0x10001b58                . = ALIGN (0x4)
                0x10001b58                _ebss = .
                0x10001b58                PROVIDE (end, .)

.noinit_RAM2    0x2007c000        0x0
 *(.noinit.$RAM2*)
 *(.noinit.$RamAHB32*)
                0x2007c000                . = ALIGN (0x4)

.noinit         0x10001b58        0x0
                0x10001b58                _noinit = .
 *(.noinit*)
                0x10001b58                . = ALIGN (0x4)
                0x10001b58                _end_noinit = .
                0x10001b58                PROVIDE (_pvHeapStart, DEFINED (__user_heap_base)?__user_heap_base:.)
                0x10008000                PROVIDE (_vStackTop, DEFINED (__user_stack_top)?__user_stack_top:(__top_RamLoc32 - 0x0))
OUTPUT(secBootLoader.axf elf32-littlearm)

.debug_info     0x00000000     0x700f
 .debug_info    0x00000000      0x598 ./src/Calibration.o
 .debug_info    0x00000598      0x97d ./src/GPS.o
 .debug_info    0x00000f15      0xf1a ./src/GSM.o
 .debug_info    0x00001e2f      0x24b ./src/cr_startup_lpc175x_6x.o
 .debug_info    0x0000207a       0x3f ./src/crp.o
 .debug_info    0x000020b9      0xb0c ./src/exp_i2c.o
 .debug_info    0x00002bc5      0x489 ./src/iap.o
 .debug_info    0x0000304e     0x1aea ./src/sec_bootloader.o
 .debug_info    0x00004b38      0x237 ./src/timer.o
 .debug_info    0x00004d6f      0x228 ./src/trace.o
 .debug_info    0x00004f97     0x105b ./src/uart.o
 .debug_info    0x00005ff2      0x470 ./src/wdt.o
 .debug_info    0x00006462      0x895 ./src/xmodem1k.o
 .debug_info    0x00006cf7      0x318 C:\cppwold\triobase\CMSISv2p00_LPC17xx\Debug\libCMSISv2p00_LPC17xx.a(system_LPC17xx.o)

.debug_abbrev   0x00000000     0x161f
 .debug_abbrev  0x00000000      0x151 ./src/Calibration.o
 .debug_abbrev  0x00000151      0x1f2 ./src/GPS.o
 .debug_abbrev  0x00000343      0x27f ./src/GSM.o
 .debug_abbrev  0x000005c2       0xf5 ./src/cr_startup_lpc175x_6x.o
 .debug_abbrev  0x000006b7       0x36 ./src/crp.o
 .debug_abbrev  0x000006ed      0x1de ./src/exp_i2c.o
 .debug_abbrev  0x000008cb      0x142 ./src/iap.o
 .debug_abbrev  0x00000a0d      0x328 ./src/sec_bootloader.o
 .debug_abbrev  0x00000d35      0x104 ./src/timer.o
 .debug_abbrev  0x00000e39       0xe0 ./src/trace.o
 .debug_abbrev  0x00000f19      0x272 ./src/uart.o
 .debug_abbrev  0x0000118b      0x19e ./src/wdt.o
 .debug_abbrev  0x00001329      0x210 ./src/xmodem1k.o
 .debug_abbrev  0x00001539       0xe6 C:\cppwold\triobase\CMSISv2p00_LPC17xx\Debug\libCMSISv2p00_LPC17xx.a(system_LPC17xx.o)

.debug_aranges  0x00000000      0x500
 .debug_aranges
                0x00000000       0x60 ./src/Calibration.o
 .debug_aranges
                0x00000060       0x60 ./src/GPS.o
 .debug_aranges
                0x000000c0       0xe0 ./src/GSM.o
 .debug_aranges
                0x000001a0       0x80 ./src/cr_startup_lpc175x_6x.o
 .debug_aranges
                0x00000220       0x18 ./src/crp.o
 .debug_aranges
                0x00000238       0x60 ./src/exp_i2c.o
 .debug_aranges
                0x00000298       0x60 ./src/iap.o
 .debug_aranges
                0x000002f8       0x90 ./src/sec_bootloader.o
 .debug_aranges
                0x00000388       0x30 ./src/timer.o
 .debug_aranges
                0x000003b8       0x40 ./src/trace.o
 .debug_aranges
                0x000003f8       0x68 ./src/uart.o
 .debug_aranges
                0x00000460       0x48 ./src/wdt.o
 .debug_aranges
                0x000004a8       0x30 ./src/xmodem1k.o
 .debug_aranges
                0x000004d8       0x28 C:\cppwold\triobase\CMSISv2p00_LPC17xx\Debug\libCMSISv2p00_LPC17xx.a(system_LPC17xx.o)

.debug_ranges   0x00000000      0x418
 .debug_ranges  0x00000000       0x50 ./src/Calibration.o
 .debug_ranges  0x00000050       0x50 ./src/GPS.o
 .debug_ranges  0x000000a0       0xd0 ./src/GSM.o
 .debug_ranges  0x00000170       0x70 ./src/cr_startup_lpc175x_6x.o
 .debug_ranges  0x000001e0       0x50 ./src/exp_i2c.o
 .debug_ranges  0x00000230       0x50 ./src/iap.o
 .debug_ranges  0x00000280       0x80 ./src/sec_bootloader.o
 .debug_ranges  0x00000300       0x20 ./src/timer.o
 .debug_ranges  0x00000320       0x30 ./src/trace.o
 .debug_ranges  0x00000350       0x58 ./src/uart.o
 .debug_ranges  0x000003a8       0x38 ./src/wdt.o
 .debug_ranges  0x000003e0       0x20 ./src/xmodem1k.o
 .debug_ranges  0x00000400       0x18 C:\cppwold\triobase\CMSISv2p00_LPC17xx\Debug\libCMSISv2p00_LPC17xx.a(system_LPC17xx.o)

.debug_macro    0x00000000     0x37e2
 .debug_macro   0x00000000       0x9b ./src/Calibration.o
 .debug_macro   0x0000009b      0x880 ./src/Calibration.o
 .debug_macro   0x0000091b       0x10 ./src/Calibration.o
 .debug_macro   0x0000092b      0x12d ./src/Calibration.o
 .debug_macro   0x00000a58      0x5b2 ./src/Calibration.o
 .debug_macro   0x0000100a       0x1c ./src/Calibration.o
 .debug_macro   0x00001026       0xa6 ./src/Calibration.o
 .debug_macro   0x000010cc       0x1c ./src/Calibration.o
 .debug_macro   0x000010e8       0x7c ./src/Calibration.o
 .debug_macro   0x00001164       0x9a ./src/Calibration.o
 .debug_macro   0x000011fe       0xf2 ./src/GPS.o
 .debug_macro   0x000012f0       0x76 ./src/GPS.o
 .debug_macro   0x00001366       0x2e ./src/GPS.o
 .debug_macro   0x00001394       0x2e ./src/GPS.o
 .debug_macro   0x000013c2       0x1c ./src/GPS.o
 .debug_macro   0x000013de       0x2e ./src/GPS.o
 .debug_macro   0x0000140c       0x18 ./src/GPS.o
 .debug_macro   0x00001424      0x7af ./src/GPS.o
 .debug_macro   0x00001bd3      0x2c7 ./src/GPS.o
 .debug_macro   0x00001e9a       0x22 ./src/GPS.o
 .debug_macro   0x00001ebc       0xc4 ./src/GPS.o
 .debug_macro   0x00001f80      0x118 ./src/GSM.o
 .debug_macro   0x00002098       0x9a ./src/GSM.o
 .debug_macro   0x00002132       0x1d ./src/cr_startup_lpc175x_6x.o
 .debug_macro   0x0000214f       0x1a ./src/crp.o
 .debug_macro   0x00002169       0x34 ./src/crp.o
 .debug_macro   0x0000219d       0x7e ./src/exp_i2c.o
 .debug_macro   0x0000221b       0x1c ./src/exp_i2c.o
 .debug_macro   0x00002237      0x2c7 ./src/exp_i2c.o
 .debug_macro   0x000024fe       0xd5 ./src/iap.o
 .debug_macro   0x000025d3       0x5e ./src/iap.o
 .debug_macro   0x00002631      0x1e4 ./src/iap.o
 .debug_macro   0x00002815      0x12f ./src/sec_bootloader.o
 .debug_macro   0x00002944       0xa0 ./src/sec_bootloader.o
 .debug_macro   0x000029e4       0x16 ./src/sec_bootloader.o
 .debug_macro   0x000029fa       0x16 ./src/sec_bootloader.o
 .debug_macro   0x00002a10       0x64 ./src/sec_bootloader.o
 .debug_macro   0x00002a74       0x2e ./src/sec_bootloader.o
 .debug_macro   0x00002aa2       0x82 ./src/sec_bootloader.o
 .debug_macro   0x00002b24       0x7e ./src/timer.o
 .debug_macro   0x00002ba2       0x6f ./src/trace.o
 .debug_macro   0x00002c11       0x8b ./src/uart.o
 .debug_macro   0x00002c9c       0x87 ./src/wdt.o
 .debug_macro   0x00002d23      0x120 ./src/xmodem1k.o
 .debug_macro   0x00002e43      0x12b C:\cppwold\triobase\CMSISv2p00_LPC17xx\Debug\libCMSISv2p00_LPC17xx.a(system_LPC17xx.o)
 .debug_macro   0x00002f6e      0x874 C:\cppwold\triobase\CMSISv2p00_LPC17xx\Debug\libCMSISv2p00_LPC17xx.a(system_LPC17xx.o)

.debug_line     0x00000000     0x28b3
 .debug_line    0x00000000      0x327 ./src/Calibration.o
 .debug_line    0x00000327      0x332 ./src/GPS.o
 .debug_line    0x00000659      0x5f6 ./src/GSM.o
 .debug_line    0x00000c4f       0xd5 ./src/cr_startup_lpc175x_6x.o
 .debug_line    0x00000d24       0x78 ./src/crp.o
 .debug_line    0x00000d9c      0x366 ./src/exp_i2c.o
 .debug_line    0x00001102      0x2a1 ./src/iap.o
 .debug_line    0x000013a3      0x6ff ./src/sec_bootloader.o
 .debug_line    0x00001aa2      0x1be ./src/timer.o
 .debug_line    0x00001c60      0x1c1 ./src/trace.o
 .debug_line    0x00001e21      0x3ca ./src/uart.o
 .debug_line    0x000021eb      0x220 ./src/wdt.o
 .debug_line    0x0000240b      0x2d2 ./src/xmodem1k.o
 .debug_line    0x000026dd      0x1d6 C:\cppwold\triobase\CMSISv2p00_LPC17xx\Debug\libCMSISv2p00_LPC17xx.a(system_LPC17xx.o)

.debug_str      0x00000000     0xc1dd
 .debug_str     0x00000000     0x456c ./src/Calibration.o
                               0x4625 (size before relaxing)
 .debug_str     0x0000456c     0x4b3d ./src/GPS.o
                               0x89eb (size before relaxing)
 .debug_str     0x000090a9      0x661 ./src/GSM.o
                               0x8de6 (size before relaxing)
 .debug_str     0x0000970a      0x1c2 ./src/cr_startup_lpc175x_6x.o
                               0x263a (size before relaxing)
 .debug_str     0x000098cc       0xe9 ./src/crp.o
                               0x2552 (size before relaxing)
 .debug_str     0x000099b5      0x6e0 ./src/exp_i2c.o
                               0x85d0 (size before relaxing)
 .debug_str     0x0000a095      0xd9b ./src/iap.o
                               0x8a58 (size before relaxing)
 .debug_str     0x0000ae30      0xa13 ./src/sec_bootloader.o
                               0xa928 (size before relaxing)
 .debug_str     0x0000b843       0x1c ./src/timer.o
                               0x7d70 (size before relaxing)
 .debug_str     0x0000b85f       0x41 ./src/trace.o
                               0x3dd2 (size before relaxing)
 .debug_str     0x0000b8a0      0x25f ./src/uart.o
                               0x8542 (size before relaxing)
 .debug_str     0x0000baff       0xd5 ./src/wdt.o
                               0x83ac (size before relaxing)
 .debug_str     0x0000bbd4      0x228 ./src/xmodem1k.o
                               0x8b5e (size before relaxing)
 .debug_str     0x0000bdfc      0x3e1 C:\cppwold\triobase\CMSISv2p00_LPC17xx\Debug\libCMSISv2p00_LPC17xx.a(system_LPC17xx.o)
                               0x80e5 (size before relaxing)

.comment        0x00000000       0x70
 .comment       0x00000000       0x70 ./src/Calibration.o
                                 0x71 (size before relaxing)
 .comment       0x00000000       0x71 ./src/GPS.o
 .comment       0x00000000       0x71 ./src/GSM.o
 .comment       0x00000000       0x71 ./src/cr_startup_lpc175x_6x.o
 .comment       0x00000000       0x71 ./src/crp.o
 .comment       0x00000000       0x71 ./src/exp_i2c.o
 .comment       0x00000000       0x71 ./src/iap.o
 .comment       0x00000000       0x71 ./src/sec_bootloader.o
 .comment       0x00000000       0x71 ./src/timer.o
 .comment       0x00000000       0x71 ./src/trace.o
 .comment       0x00000000       0x71 ./src/uart.o
 .comment       0x00000000       0x71 ./src/wdt.o
 .comment       0x00000000       0x71 ./src/xmodem1k.o
 .comment       0x00000000       0x71 C:\cppwold\triobase\CMSISv2p00_LPC17xx\Debug\libCMSISv2p00_LPC17xx.a(system_LPC17xx.o)
 .comment       0x00000000       0x71 c:/nxp/lpcxpresso_7.7.2_379/lpcxpresso/tools/bin/../lib/gcc/arm-none-eabi/4.9.3/../../../../arm-none-eabi/lib/armv7-m\libcr_nohost.a(_cr__main.o)
 .comment       0x00000000       0x71 c:/nxp/lpcxpresso_7.7.2_379/lpcxpresso/tools/bin/../lib/gcc/arm-none-eabi/4.9.3/../../../../arm-none-eabi/lib/armv7-m\libcr_c.a(memset.o)
 .comment       0x00000000       0x71 c:/nxp/lpcxpresso_7.7.2_379/lpcxpresso/tools/bin/../lib/gcc/arm-none-eabi/4.9.3/../../../../arm-none-eabi/lib/armv7-m\libcr_c.a(alloc.o)
 .comment       0x00000000       0x71 c:/nxp/lpcxpresso_7.7.2_379/lpcxpresso/tools/bin/../lib/gcc/arm-none-eabi/4.9.3/../../../../arm-none-eabi/lib/armv7-m\libcr_c.a(ctype.o)
 .comment       0x00000000       0x71 c:/nxp/lpcxpresso_7.7.2_379/lpcxpresso/tools/bin/../lib/gcc/arm-none-eabi/4.9.3/../../../../arm-none-eabi/lib/armv7-m\libcr_c.a(errno.o)
 .comment       0x00000000       0x71 c:/nxp/lpcxpresso_7.7.2_379/lpcxpresso/tools/bin/../lib/gcc/arm-none-eabi/4.9.3/../../../../arm-none-eabi/lib/armv7-m\libcr_c.a(fpprintf.o)
 .comment       0x00000000       0x71 c:/nxp/lpcxpresso_7.7.2_379/lpcxpresso/tools/bin/../lib/gcc/arm-none-eabi/4.9.3/../../../../arm-none-eabi/lib/armv7-m\libcr_c.a(initio.o)
 .comment       0x00000000       0x71 c:/nxp/lpcxpresso_7.7.2_379/lpcxpresso/tools/bin/../lib/gcc/arm-none-eabi/4.9.3/../../../../arm-none-eabi/lib/armv7-m\libcr_c.a(printf.o)
 .comment       0x00000000       0x71 c:/nxp/lpcxpresso_7.7.2_379/lpcxpresso/tools/bin/../lib/gcc/arm-none-eabi/4.9.3/../../../../arm-none-eabi/lib/armv7-m\libcr_c.a(scanf.o)
 .comment       0x00000000       0x71 c:/nxp/lpcxpresso_7.7.2_379/lpcxpresso/tools/bin/../lib/gcc/arm-none-eabi/4.9.3/../../../../arm-none-eabi/lib/armv7-m\libcr_c.a(setvbuf.o)
 .comment       0x00000000       0x71 c:/nxp/lpcxpresso_7.7.2_379/lpcxpresso/tools/bin/../lib/gcc/arm-none-eabi/4.9.3/../../../../arm-none-eabi/lib/armv7-m\libcr_c.a(stdio.o)
 .comment       0x00000000       0x71 c:/nxp/lpcxpresso_7.7.2_379/lpcxpresso/tools/bin/../lib/gcc/arm-none-eabi/4.9.3/../../../../arm-none-eabi/lib/armv7-m\libcr_c.a(strchr.o)
 .comment       0x00000000       0x71 c:/nxp/lpcxpresso_7.7.2_379/lpcxpresso/tools/bin/../lib/gcc/arm-none-eabi/4.9.3/../../../../arm-none-eabi/lib/armv7-m\libcr_c.a(strcpy.o)
 .comment       0x00000000       0x71 c:/nxp/lpcxpresso_7.7.2_379/lpcxpresso/tools/bin/../lib/gcc/arm-none-eabi/4.9.3/../../../../arm-none-eabi/lib/armv7-m\libcr_c.a(strlen.o)
 .comment       0x00000000       0x71 c:/nxp/lpcxpresso_7.7.2_379/lpcxpresso/tools/bin/../lib/gcc/arm-none-eabi/4.9.3/../../../../arm-none-eabi/lib/armv7-m\libcr_c.a(strncpy.o)
 .comment       0x00000000       0x71 c:/nxp/lpcxpresso_7.7.2_379/lpcxpresso/tools/bin/../lib/gcc/arm-none-eabi/4.9.3/../../../../arm-none-eabi/lib/armv7-m\libcr_c.a(strstr.o)
 .comment       0x00000000       0x71 c:/nxp/lpcxpresso_7.7.2_379/lpcxpresso/tools/bin/../lib/gcc/arm-none-eabi/4.9.3/../../../../arm-none-eabi/lib/armv7-m\libcr_c.a(__init_alloc.o)
 .comment       0x00000000       0x71 c:/nxp/lpcxpresso_7.7.2_379/lpcxpresso/tools/bin/../lib/gcc/arm-none-eabi/4.9.3/../../../../arm-none-eabi/lib/armv7-m\libcr_c.a(_cr_sbrk.o)
 .comment       0x00000000       0x71 c:/nxp/lpcxpresso_7.7.2_379/lpcxpresso/tools/bin/../lib/gcc/arm-none-eabi/4.9.3/../../../../arm-none-eabi/lib/armv7-m\libcr_c.a(_deferredlazyseek.o)
 .comment       0x00000000       0x71 c:/nxp/lpcxpresso_7.7.2_379/lpcxpresso/tools/bin/../lib/gcc/arm-none-eabi/4.9.3/../../../../arm-none-eabi/lib/armv7-m\libcr_c.a(_fdopen.o)
 .comment       0x00000000       0x71 c:/nxp/lpcxpresso_7.7.2_379/lpcxpresso/tools/bin/../lib/gcc/arm-none-eabi/4.9.3/../../../../arm-none-eabi/lib/armv7-m\libcr_c.a(_fflush.o)
 .comment       0x00000000       0x71 c:/nxp/lpcxpresso_7.7.2_379/lpcxpresso/tools/bin/../lib/gcc/arm-none-eabi/4.9.3/../../../../arm-none-eabi/lib/armv7-m\libcr_c.a(_frexpl.o)
 .comment       0x00000000       0x71 c:/nxp/lpcxpresso_7.7.2_379/lpcxpresso/tools/bin/../lib/gcc/arm-none-eabi/4.9.3/../../../../arm-none-eabi/lib/armv7-m\libcr_c.a(_hugeval.o)
 .comment       0x00000000       0x71 c:/nxp/lpcxpresso_7.7.2_379/lpcxpresso/tools/bin/../lib/gcc/arm-none-eabi/4.9.3/../../../../arm-none-eabi/lib/armv7-m\libcr_c.a(_ldexpl.o)
 .comment       0x00000000       0x71 c:/nxp/lpcxpresso_7.7.2_379/lpcxpresso/tools/bin/../lib/gcc/arm-none-eabi/4.9.3/../../../../arm-none-eabi/lib/armv7-m\libcr_c.a(_writebuf.o)
 .comment       0x00000000       0x71 c:/nxp/lpcxpresso_7.7.2_379/lpcxpresso/tools/bin/../lib/gcc/arm-none-eabi/4.9.3/../../../../arm-none-eabi/lib/armv7-m\libcr_c.a(fclose.o)
 .comment       0x00000000       0x71 c:/nxp/lpcxpresso_7.7.2_379/lpcxpresso/tools/bin/../lib/gcc/arm-none-eabi/4.9.3/../../../../arm-none-eabi/lib/armv7-m\libcr_c.a(fflush.o)
 .comment       0x00000000       0x71 c:/nxp/lpcxpresso_7.7.2_379/lpcxpresso/tools/bin/../lib/gcc/arm-none-eabi/4.9.3/../../../../arm-none-eabi/lib/armv7-m\libcr_c.a(fseek.o)
 .comment       0x00000000       0x71 c:/nxp/lpcxpresso_7.7.2_379/lpcxpresso/tools/bin/../lib/gcc/arm-none-eabi/4.9.3/../../../../arm-none-eabi/lib/armv7-m\libcr_c.a(ftell.o)
 .comment       0x00000000       0x71 c:/nxp/lpcxpresso_7.7.2_379/lpcxpresso/tools/bin/../lib/gcc/arm-none-eabi/4.9.3/../../../../arm-none-eabi/lib/armv7-m\libcr_c.a(remove.o)
 .comment       0x00000000       0x71 c:/nxp/lpcxpresso_7.7.2_379/lpcxpresso/tools/bin/../lib/gcc/arm-none-eabi/4.9.3/../../../../arm-none-eabi/lib/armv7-m\libcr_c.a(_cr_check_heap.o)
 .comment       0x00000000       0x71 c:/nxp/lpcxpresso_7.7.2_379/lpcxpresso/tools/bin/../lib/gcc/arm-none-eabi/4.9.3/../../../../arm-none-eabi/lib/armv7-m\libcr_c.a(_do_fflush.o)
 .comment       0x00000000       0x71 c:/nxp/lpcxpresso_7.7.2_379/lpcxpresso/tools/bin/../lib/gcc/arm-none-eabi/4.9.3/armv7-m\libcr_eabihelpers.a(double.o)
 .comment       0x00000000       0x71 c:/nxp/lpcxpresso_7.7.2_379/lpcxpresso/tools/bin/../lib/gcc/arm-none-eabi/4.9.3/../../../../arm-none-eabi/lib/armv7-m\libcr_nohost.a(__sys_appexit.o)
 .comment       0x00000000       0x71 c:/nxp/lpcxpresso_7.7.2_379/lpcxpresso/tools/bin/../lib/gcc/arm-none-eabi/4.9.3/../../../../arm-none-eabi/lib/armv7-m\libcr_nohost.a(__sys_close.o)
 .comment       0x00000000       0x71 c:/nxp/lpcxpresso_7.7.2_379/lpcxpresso/tools/bin/../lib/gcc/arm-none-eabi/4.9.3/../../../../arm-none-eabi/lib/armv7-m\libcr_nohost.a(__sys_flen.o)
 .comment       0x00000000       0x71 c:/nxp/lpcxpresso_7.7.2_379/lpcxpresso/tools/bin/../lib/gcc/arm-none-eabi/4.9.3/../../../../arm-none-eabi/lib/armv7-m\libcr_nohost.a(__sys_istty.o)
 .comment       0x00000000       0x71 c:/nxp/lpcxpresso_7.7.2_379/lpcxpresso/tools/bin/../lib/gcc/arm-none-eabi/4.9.3/../../../../arm-none-eabi/lib/armv7-m\libcr_nohost.a(__sys_remove.o)
 .comment       0x00000000       0x71 c:/nxp/lpcxpresso_7.7.2_379/lpcxpresso/tools/bin/../lib/gcc/arm-none-eabi/4.9.3/../../../../arm-none-eabi/lib/armv7-m\libcr_nohost.a(__sys_seek.o)
 .comment       0x00000000       0x71 c:/nxp/lpcxpresso_7.7.2_379/lpcxpresso/tools/bin/../lib/gcc/arm-none-eabi/4.9.3/../../../../arm-none-eabi/lib/armv7-m\libcr_nohost.a(__sys_tmpnam.o)
 .comment       0x00000000       0x71 c:/nxp/lpcxpresso_7.7.2_379/lpcxpresso/tools/bin/../lib/gcc/arm-none-eabi/4.9.3/../../../../arm-none-eabi/lib/armv7-m\libcr_nohost.a(__sys_write.o)

.ARM.attributes
                0x00000000       0x31
 .ARM.attributes
                0x00000000       0x33 ./src/Calibration.o
 .ARM.attributes
                0x00000033       0x33 ./src/GPS.o
 .ARM.attributes
                0x00000066       0x33 ./src/GSM.o
 .ARM.attributes
                0x00000099       0x33 ./src/cr_startup_lpc175x_6x.o
 .ARM.attributes
                0x000000cc       0x33 ./src/crp.o
 .ARM.attributes
                0x000000ff       0x33 ./src/exp_i2c.o
 .ARM.attributes
                0x00000132       0x33 ./src/iap.o
 .ARM.attributes
                0x00000165       0x33 ./src/sec_bootloader.o
 .ARM.attributes
                0x00000198       0x33 ./src/timer.o
 .ARM.attributes
                0x000001cb       0x33 ./src/trace.o
 .ARM.attributes
                0x000001fe       0x33 ./src/uart.o
 .ARM.attributes
                0x00000231       0x33 ./src/wdt.o
 .ARM.attributes
                0x00000264       0x33 ./src/xmodem1k.o
 .ARM.attributes
                0x00000297       0x33 C:\cppwold\triobase\CMSISv2p00_LPC17xx\Debug\libCMSISv2p00_LPC17xx.a(system_LPC17xx.o)
 .ARM.attributes
                0x000002ca       0x33 c:/nxp/lpcxpresso_7.7.2_379/lpcxpresso/tools/bin/../lib/gcc/arm-none-eabi/4.9.3/../../../../arm-none-eabi/lib/armv7-m\libcr_nohost.a(_cr__main.o)
 .ARM.attributes
                0x000002fd       0x33 c:/nxp/lpcxpresso_7.7.2_379/lpcxpresso/tools/bin/../lib/gcc/arm-none-eabi/4.9.3/../../../../arm-none-eabi/lib/armv7-m\libcr_c.a(memset.o)
 .ARM.attributes
                0x00000330       0x33 c:/nxp/lpcxpresso_7.7.2_379/lpcxpresso/tools/bin/../lib/gcc/arm-none-eabi/4.9.3/../../../../arm-none-eabi/lib/armv7-m\libcr_c.a(alloc.o)
 .ARM.attributes
                0x00000363       0x33 c:/nxp/lpcxpresso_7.7.2_379/lpcxpresso/tools/bin/../lib/gcc/arm-none-eabi/4.9.3/../../../../arm-none-eabi/lib/armv7-m\libcr_c.a(ctype.o)
 .ARM.attributes
                0x00000396       0x33 c:/nxp/lpcxpresso_7.7.2_379/lpcxpresso/tools/bin/../lib/gcc/arm-none-eabi/4.9.3/../../../../arm-none-eabi/lib/armv7-m\libcr_c.a(errno.o)
 .ARM.attributes
                0x000003c9       0x33 c:/nxp/lpcxpresso_7.7.2_379/lpcxpresso/tools/bin/../lib/gcc/arm-none-eabi/4.9.3/../../../../arm-none-eabi/lib/armv7-m\libcr_c.a(fpprintf.o)
 .ARM.attributes
                0x000003fc       0x33 c:/nxp/lpcxpresso_7.7.2_379/lpcxpresso/tools/bin/../lib/gcc/arm-none-eabi/4.9.3/../../../../arm-none-eabi/lib/armv7-m\libcr_c.a(initio.o)
 .ARM.attributes
                0x0000042f       0x33 c:/nxp/lpcxpresso_7.7.2_379/lpcxpresso/tools/bin/../lib/gcc/arm-none-eabi/4.9.3/../../../../arm-none-eabi/lib/armv7-m\libcr_c.a(printf.o)
 .ARM.attributes
                0x00000462       0x33 c:/nxp/lpcxpresso_7.7.2_379/lpcxpresso/tools/bin/../lib/gcc/arm-none-eabi/4.9.3/../../../../arm-none-eabi/lib/armv7-m\libcr_c.a(scanf.o)
 .ARM.attributes
                0x00000495       0x33 c:/nxp/lpcxpresso_7.7.2_379/lpcxpresso/tools/bin/../lib/gcc/arm-none-eabi/4.9.3/../../../../arm-none-eabi/lib/armv7-m\libcr_c.a(setvbuf.o)
 .ARM.attributes
                0x000004c8       0x33 c:/nxp/lpcxpresso_7.7.2_379/lpcxpresso/tools/bin/../lib/gcc/arm-none-eabi/4.9.3/../../../../arm-none-eabi/lib/armv7-m\libcr_c.a(stdio.o)
 .ARM.attributes
                0x000004fb       0x33 c:/nxp/lpcxpresso_7.7.2_379/lpcxpresso/tools/bin/../lib/gcc/arm-none-eabi/4.9.3/../../../../arm-none-eabi/lib/armv7-m\libcr_c.a(strchr.o)
 .ARM.attributes
                0x0000052e       0x33 c:/nxp/lpcxpresso_7.7.2_379/lpcxpresso/tools/bin/../lib/gcc/arm-none-eabi/4.9.3/../../../../arm-none-eabi/lib/armv7-m\libcr_c.a(strcpy.o)
 .ARM.attributes
                0x00000561       0x33 c:/nxp/lpcxpresso_7.7.2_379/lpcxpresso/tools/bin/../lib/gcc/arm-none-eabi/4.9.3/../../../../arm-none-eabi/lib/armv7-m\libcr_c.a(strlen.o)
 .ARM.attributes
                0x00000594       0x33 c:/nxp/lpcxpresso_7.7.2_379/lpcxpresso/tools/bin/../lib/gcc/arm-none-eabi/4.9.3/../../../../arm-none-eabi/lib/armv7-m\libcr_c.a(strncpy.o)
 .ARM.attributes
                0x000005c7       0x33 c:/nxp/lpcxpresso_7.7.2_379/lpcxpresso/tools/bin/../lib/gcc/arm-none-eabi/4.9.3/../../../../arm-none-eabi/lib/armv7-m\libcr_c.a(strstr.o)
 .ARM.attributes
                0x000005fa       0x33 c:/nxp/lpcxpresso_7.7.2_379/lpcxpresso/tools/bin/../lib/gcc/arm-none-eabi/4.9.3/../../../../arm-none-eabi/lib/armv7-m\libcr_c.a(__init_alloc.o)
 .ARM.attributes
                0x0000062d       0x33 c:/nxp/lpcxpresso_7.7.2_379/lpcxpresso/tools/bin/../lib/gcc/arm-none-eabi/4.9.3/../../../../arm-none-eabi/lib/armv7-m\libcr_c.a(_cr_sbrk.o)
 .ARM.attributes
                0x00000660       0x33 c:/nxp/lpcxpresso_7.7.2_379/lpcxpresso/tools/bin/../lib/gcc/arm-none-eabi/4.9.3/../../../../arm-none-eabi/lib/armv7-m\libcr_c.a(_deferredlazyseek.o)
 .ARM.attributes
                0x00000693       0x33 c:/nxp/lpcxpresso_7.7.2_379/lpcxpresso/tools/bin/../lib/gcc/arm-none-eabi/4.9.3/../../../../arm-none-eabi/lib/armv7-m\libcr_c.a(_fdopen.o)
 .ARM.attributes
                0x000006c6       0x33 c:/nxp/lpcxpresso_7.7.2_379/lpcxpresso/tools/bin/../lib/gcc/arm-none-eabi/4.9.3/../../../../arm-none-eabi/lib/armv7-m\libcr_c.a(_fflush.o)
 .ARM.attributes
                0x000006f9       0x33 c:/nxp/lpcxpresso_7.7.2_379/lpcxpresso/tools/bin/../lib/gcc/arm-none-eabi/4.9.3/../../../../arm-none-eabi/lib/armv7-m\libcr_c.a(_frexpl.o)
 .ARM.attributes
                0x0000072c       0x33 c:/nxp/lpcxpresso_7.7.2_379/lpcxpresso/tools/bin/../lib/gcc/arm-none-eabi/4.9.3/../../../../arm-none-eabi/lib/armv7-m\libcr_c.a(_hugeval.o)
 .ARM.attributes
                0x0000075f       0x33 c:/nxp/lpcxpresso_7.7.2_379/lpcxpresso/tools/bin/../lib/gcc/arm-none-eabi/4.9.3/../../../../arm-none-eabi/lib/armv7-m\libcr_c.a(_ldexpl.o)
 .ARM.attributes
                0x00000792       0x33 c:/nxp/lpcxpresso_7.7.2_379/lpcxpresso/tools/bin/../lib/gcc/arm-none-eabi/4.9.3/../../../../arm-none-eabi/lib/armv7-m\libcr_c.a(_writebuf.o)
 .ARM.attributes
                0x000007c5       0x33 c:/nxp/lpcxpresso_7.7.2_379/lpcxpresso/tools/bin/../lib/gcc/arm-none-eabi/4.9.3/../../../../arm-none-eabi/lib/armv7-m\libcr_c.a(fclose.o)
 .ARM.attributes
                0x000007f8       0x33 c:/nxp/lpcxpresso_7.7.2_379/lpcxpresso/tools/bin/../lib/gcc/arm-none-eabi/4.9.3/../../../../arm-none-eabi/lib/armv7-m\libcr_c.a(fflush.o)
 .ARM.attributes
                0x0000082b       0x33 c:/nxp/lpcxpresso_7.7.2_379/lpcxpresso/tools/bin/../lib/gcc/arm-none-eabi/4.9.3/../../../../arm-none-eabi/lib/armv7-m\libcr_c.a(fseek.o)
 .ARM.attributes
                0x0000085e       0x33 c:/nxp/lpcxpresso_7.7.2_379/lpcxpresso/tools/bin/../lib/gcc/arm-none-eabi/4.9.3/../../../../arm-none-eabi/lib/armv7-m\libcr_c.a(ftell.o)
 .ARM.attributes
                0x00000891       0x33 c:/nxp/lpcxpresso_7.7.2_379/lpcxpresso/tools/bin/../lib/gcc/arm-none-eabi/4.9.3/../../../../arm-none-eabi/lib/armv7-m\libcr_c.a(remove.o)
 .ARM.attributes
                0x000008c4       0x33 c:/nxp/lpcxpresso_7.7.2_379/lpcxpresso/tools/bin/../lib/gcc/arm-none-eabi/4.9.3/../../../../arm-none-eabi/lib/armv7-m\libcr_c.a(_cr_check_heap.o)
 .ARM.attributes
                0x000008f7       0x33 c:/nxp/lpcxpresso_7.7.2_379/lpcxpresso/tools/bin/../lib/gcc/arm-none-eabi/4.9.3/../../../../arm-none-eabi/lib/armv7-m\libcr_c.a(_do_fflush.o)
 .ARM.attributes
                0x0000092a       0x21 c:/nxp/lpcxpresso_7.7.2_379/lpcxpresso/tools/bin/../lib/gcc/arm-none-eabi/4.9.3/armv7-m\libcr_eabihelpers.a(division_64.o)
 .ARM.attributes
                0x0000094b       0x21 c:/nxp/lpcxpresso_7.7.2_379/lpcxpresso/tools/bin/../lib/gcc/arm-none-eabi/4.9.3/armv7-m\libcr_eabihelpers.a(division_idiv0.o)
 .ARM.attributes
                0x0000096c       0x33 c:/nxp/lpcxpresso_7.7.2_379/lpcxpresso/tools/bin/../lib/gcc/arm-none-eabi/4.9.3/armv7-m\libcr_eabihelpers.a(double.o)
 .ARM.attributes
                0x0000099f       0x21 c:/nxp/lpcxpresso_7.7.2_379/lpcxpresso/tools/bin/../lib/gcc/arm-none-eabi/4.9.3/armv7-m\libcr_eabihelpers.a(memcpy.o)
 .ARM.attributes
                0x000009c0       0x33 c:/nxp/lpcxpresso_7.7.2_379/lpcxpresso/tools/bin/../lib/gcc/arm-none-eabi/4.9.3/../../../../arm-none-eabi/lib/armv7-m\libcr_nohost.a(__sys_appexit.o)
 .ARM.attributes
                0x000009f3       0x33 c:/nxp/lpcxpresso_7.7.2_379/lpcxpresso/tools/bin/../lib/gcc/arm-none-eabi/4.9.3/../../../../arm-none-eabi/lib/armv7-m\libcr_nohost.a(__sys_close.o)
 .ARM.attributes
                0x00000a26       0x33 c:/nxp/lpcxpresso_7.7.2_379/lpcxpresso/tools/bin/../lib/gcc/arm-none-eabi/4.9.3/../../../../arm-none-eabi/lib/armv7-m\libcr_nohost.a(__sys_flen.o)
 .ARM.attributes
                0x00000a59       0x33 c:/nxp/lpcxpresso_7.7.2_379/lpcxpresso/tools/bin/../lib/gcc/arm-none-eabi/4.9.3/../../../../arm-none-eabi/lib/armv7-m\libcr_nohost.a(__sys_istty.o)
 .ARM.attributes
                0x00000a8c       0x33 c:/nxp/lpcxpresso_7.7.2_379/lpcxpresso/tools/bin/../lib/gcc/arm-none-eabi/4.9.3/../../../../arm-none-eabi/lib/armv7-m\libcr_nohost.a(__sys_remove.o)
 .ARM.attributes
                0x00000abf       0x33 c:/nxp/lpcxpresso_7.7.2_379/lpcxpresso/tools/bin/../lib/gcc/arm-none-eabi/4.9.3/../../../../arm-none-eabi/lib/armv7-m\libcr_nohost.a(__sys_seek.o)
 .ARM.attributes
                0x00000af2       0x33 c:/nxp/lpcxpresso_7.7.2_379/lpcxpresso/tools/bin/../lib/gcc/arm-none-eabi/4.9.3/../../../../arm-none-eabi/lib/armv7-m\libcr_nohost.a(__sys_tmpnam.o)
 .ARM.attributes
                0x00000b25       0x33 c:/nxp/lpcxpresso_7.7.2_379/lpcxpresso/tools/bin/../lib/gcc/arm-none-eabi/4.9.3/../../../../arm-none-eabi/lib/armv7-m\libcr_nohost.a(__sys_write.o)

.debug_frame    0x00000000     0x1164
 .debug_frame   0x00000000      0x15c ./src/Calibration.o
 .debug_frame   0x0000015c      0x16c ./src/GPS.o
 .debug_frame   0x000002c8      0x3b0 ./src/GSM.o
 .debug_frame   0x00000678      0x170 ./src/cr_startup_lpc175x_6x.o
 .debug_frame   0x000007e8      0x168 ./src/exp_i2c.o
 .debug_frame   0x00000950      0x154 ./src/iap.o
 .debug_frame   0x00000aa4      0x240 ./src/sec_bootloader.o
 .debug_frame   0x00000ce4       0x80 ./src/timer.o
 .debug_frame   0x00000d64       0xc8 ./src/trace.o
 .debug_frame   0x00000e2c      0x19c ./src/uart.o
 .debug_frame   0x00000fc8       0xdc ./src/wdt.o
 .debug_frame   0x000010a4       0x84 ./src/xmodem1k.o
 .debug_frame   0x00001128       0x3c C:\cppwold\triobase\CMSISv2p00_LPC17xx\Debug\libCMSISv2p00_LPC17xx.a(system_LPC17xx.o)
