Archive member included because of file (symbol)

C:\cppwold\triobase\CMSISv2p00_LPC17xx\Debug\libCMSISv2p00_LPC17xx.a(system_LPC17xx.o)
                              ./src/sec_bootloader.o (SystemCoreClockUpdate)
c:/nxp/lpcxpresso_7.7.2_379/lpcxpresso/tools/bin/../lib/gcc/arm-none-eabi/4.9.3/../../../../arm-none-eabi/lib/armv7-m\libcr_nohost.a(_cr__main.o)
                              ./src/cr_startup_lpc175x_6x.o (__main)
c:/nxp/lpcxpresso_7.7.2_379/lpcxpresso/tools/bin/../lib/gcc/arm-none-eabi/4.9.3/../../../../arm-none-eabi/lib/armv7-m\libcr_c.a(memset.o)
                              ./src/GSM.o (memset)
c:/nxp/lpcxpresso_7.7.2_379/lpcxpresso/tools/bin/../lib/gcc/arm-none-eabi/4.9.3/../../../../arm-none-eabi/lib/armv7-m\libcr_c.a(alloc.o)
                              ./src/sec_bootloader.o (malloc)
c:/nxp/lpcxpresso_7.7.2_379/lpcxpresso/tools/bin/../lib/gcc/arm-none-eabi/4.9.3/../../../../arm-none-eabi/lib/armv7-m\libcr_c.a(atan2.o)
                              ./src/GPS.o (atan2)
c:/nxp/lpcxpresso_7.7.2_379/lpcxpresso/tools/bin/../lib/gcc/arm-none-eabi/4.9.3/../../../../arm-none-eabi/lib/armv7-m\libcr_c.a(cos.o)
                              ./src/GPS.o (cos)
c:/nxp/lpcxpresso_7.7.2_379/lpcxpresso/tools/bin/../lib/gcc/arm-none-eabi/4.9.3/../../../../arm-none-eabi/lib/armv7-m\libcr_c.a(ctype.o)
                              ./src/Utils.o (isspace)
c:/nxp/lpcxpresso_7.7.2_379/lpcxpresso/tools/bin/../lib/gcc/arm-none-eabi/4.9.3/../../../../arm-none-eabi/lib/armv7-m\libcr_c.a(errno.o)
                              c:/nxp/lpcxpresso_7.7.2_379/lpcxpresso/tools/bin/../lib/gcc/arm-none-eabi/4.9.3/../../../../arm-none-eabi/lib/armv7-m\libcr_c.a(atan2.o) (errno)
c:/nxp/lpcxpresso_7.7.2_379/lpcxpresso/tools/bin/../lib/gcc/arm-none-eabi/4.9.3/../../../../arm-none-eabi/lib/armv7-m\libcr_c.a(fabs.o)
                              c:/nxp/lpcxpresso_7.7.2_379/lpcxpresso/tools/bin/../lib/gcc/arm-none-eabi/4.9.3/../../../../arm-none-eabi/lib/armv7-m\libcr_c.a(atan2.o) (fabs)
c:/nxp/lpcxpresso_7.7.2_379/lpcxpresso/tools/bin/../lib/gcc/arm-none-eabi/4.9.3/../../../../arm-none-eabi/lib/armv7-m\libcr_c.a(fpprintf.o)
                              ./src/Calibration.o (sprintf)
c:/nxp/lpcxpresso_7.7.2_379/lpcxpresso/tools/bin/../lib/gcc/arm-none-eabi/4.9.3/../../../../arm-none-eabi/lib/armv7-m\libcr_c.a(initio.o)
                              c:/nxp/lpcxpresso_7.7.2_379/lpcxpresso/tools/bin/../lib/gcc/arm-none-eabi/4.9.3/../../../../arm-none-eabi/lib/armv7-m\libcr_nohost.a(_cr__main.o) (_initio)
c:/nxp/lpcxpresso_7.7.2_379/lpcxpresso/tools/bin/../lib/gcc/arm-none-eabi/4.9.3/../../../../arm-none-eabi/lib/armv7-m\libcr_c.a(printf.o)
                              c:/nxp/lpcxpresso_7.7.2_379/lpcxpresso/tools/bin/../lib/gcc/arm-none-eabi/4.9.3/../../../../arm-none-eabi/lib/armv7-m\libcr_c.a(fpprintf.o) (__vfprintf)
c:/nxp/lpcxpresso_7.7.2_379/lpcxpresso/tools/bin/../lib/gcc/arm-none-eabi/4.9.3/../../../../arm-none-eabi/lib/armv7-m\libcr_c.a(scanf.o)
                              ./src/Utils.o (strtod)
c:/nxp/lpcxpresso_7.7.2_379/lpcxpresso/tools/bin/../lib/gcc/arm-none-eabi/4.9.3/../../../../arm-none-eabi/lib/armv7-m\libcr_c.a(setvbuf.o)
                              c:/nxp/lpcxpresso_7.7.2_379/lpcxpresso/tools/bin/../lib/gcc/arm-none-eabi/4.9.3/../../../../arm-none-eabi/lib/armv7-m\libcr_c.a(initio.o) (setvbuf)
c:/nxp/lpcxpresso_7.7.2_379/lpcxpresso/tools/bin/../lib/gcc/arm-none-eabi/4.9.3/../../../../arm-none-eabi/lib/armv7-m\libcr_c.a(sin.o)
                              ./src/GPS.o (sin)
c:/nxp/lpcxpresso_7.7.2_379/lpcxpresso/tools/bin/../lib/gcc/arm-none-eabi/4.9.3/../../../../arm-none-eabi/lib/armv7-m\libcr_c.a(sqrt.o)
                              ./src/GPS.o (sqrt)
c:/nxp/lpcxpresso_7.7.2_379/lpcxpresso/tools/bin/../lib/gcc/arm-none-eabi/4.9.3/../../../../arm-none-eabi/lib/armv7-m\libcr_c.a(stdio.o)
                              c:/nxp/lpcxpresso_7.7.2_379/lpcxpresso/tools/bin/../lib/gcc/arm-none-eabi/4.9.3/../../../../arm-none-eabi/lib/armv7-m\libcr_c.a(fpprintf.o) (__Ciob)
c:/nxp/lpcxpresso_7.7.2_379/lpcxpresso/tools/bin/../lib/gcc/arm-none-eabi/4.9.3/../../../../arm-none-eabi/lib/armv7-m\libcr_c.a(strchr.o)
                              ./src/Calibration.o (strchr)
c:/nxp/lpcxpresso_7.7.2_379/lpcxpresso/tools/bin/../lib/gcc/arm-none-eabi/4.9.3/../../../../arm-none-eabi/lib/armv7-m\libcr_c.a(strcmp.o)
                              ./src/GPS.o (strcmp)
c:/nxp/lpcxpresso_7.7.2_379/lpcxpresso/tools/bin/../lib/gcc/arm-none-eabi/4.9.3/../../../../arm-none-eabi/lib/armv7-m\libcr_c.a(strcpy.o)
                              ./src/Calibration.o (strcpy)
c:/nxp/lpcxpresso_7.7.2_379/lpcxpresso/tools/bin/../lib/gcc/arm-none-eabi/4.9.3/../../../../arm-none-eabi/lib/armv7-m\libcr_c.a(strlen.o)
                              ./src/Calibration.o (strlen)
c:/nxp/lpcxpresso_7.7.2_379/lpcxpresso/tools/bin/../lib/gcc/arm-none-eabi/4.9.3/../../../../arm-none-eabi/lib/armv7-m\libcr_c.a(strncpy.o)
[...]
Memory Configuration

Name             Origin             Length             Attributes
MFlash512        0x00000000         0x00080000         xr
RamLoc32         0x10000000         0x00008000         xrw
RamAHB32         0x2007c000         0x00008000         xrw
*default*        0x00000000         0xffffffff

Linker script and memory map

LOAD ./src/Calibration.o
LOAD ./src/GPS.o
LOAD ./src/GSM.o
LOAD ./src/Utils.o
LOAD ./src/cr_startup_lpc175x_6x.o
LOAD ./src/crc.o
LOAD ./src/crp.o
LOAD ./src/exp_i2c.o
LOAD ./src/iap.o
LOAD ./src/sec_bootloader.o
LOAD ./src/timer.o
LOAD ./src/trace.o
LOAD ./src/uart.o
LOAD ./src/wdt.o
LOAD ./src/xmodem1k.o
LOAD C:\cppwold\triobase\CMSISv2p00_LPC17xx\Debug\libCMSISv2p00_LPC17xx.a
START GROUP
LOAD c:/nxp/lpcxpresso_7.7.2_379/lpcxpresso/tools/bin/../lib/gcc/arm-none-eabi/4.9.3/../../../../arm-none-eabi/lib/armv7-m\libcr_nohost.a
LOAD c:/nxp/lpcxpresso_7.7.2_379/lpcxpresso/tools/bin/../lib/gcc/arm-none-eabi/4.9.3/../../../../arm-none-eabi/lib/armv7-m\libcr_c.a
LOAD c:/nxp/lpcxpresso_7.7.2_379/lpcxpresso/tools/bin/../lib/gcc/arm-none-eabi/4.9.3/armv7-m\libcr_eabihelpers.a
END GROUP
                0x00080000                __top_MFlash512 = 0x80000
                0x10008000                __top_RamLoc32 = 0x10008000
                0x20084000                __top_RamAHB32 = 0x20084000

.text           0x00000000     0x7700
 FILL mask 0xff
                0x00000000                __vectors_start__ = ABSOLUTE (.)
 *(.isr_vector)
 .isr_vector    0x00000000       0xcc ./src/cr_startup_lpc175x_6x.o
                0x00000000                g_pfnVectors
                0x000000cc                . = ALIGN (0x4)
                0x000000cc                __section_table_start = .
                0x000000cc                __data_section_table = .
                0x000000cc        0x4 LONG 0x7700 LOADADDR (.data)
                0x000000d0        0x4 LONG 0x10000000 ADDR (.data)
                0x000000d4        0x4 LONG 0x1c SIZEOF (.data)
                0x000000d8        0x4 LONG 0x7700 LOADADDR (.data_RAM2)
                0x000000dc        0x4 LONG 0x2007c000 ADDR (.data_RAM2)
                0x000000e0        0x4 LONG 0x0 SIZEOF (.data_RAM2)
                0x000000e4                __data_section_table_end = .
                0x000000e4                __bss_section_table = .
                0x000000e4        0x4 LONG 0x10000020 ADDR (.bss)
                0x000000e8        0x4 LONG 0x1ff8 SIZEOF (.bss)
                0x000000ec        0x4 LONG 0x2007c000 ADDR (.bss_RAM2)
                0x000000f0        0x4 LONG 0x0 SIZEOF (.bss_RAM2)
                0x000000f4                __bss_section_table_end = .
                0x000000f4                __section_table_end = .
 *(.after_vectors*)
 .after_vectors
                0x000000f4      0x144 ./src/cr_startup_lpc175x_6x.o
                0x000000f4                data_init
                0x00000138                bss_init
                0x00000170                ResetISR
                0x000001e8                NMI_Handler
                0x000001f0                HardFault_Handler
                0x000001f8                MemManage_Handler
                0x00000200                BusFault_Handler
                0x00000208                UsageFault_Handler
                0x00000210                SVC_Handler
                0x00000218                DebugMon_Handler
                0x00000220                PendSV_Handler
                0x00000230                TIMER3_IRQHandler
                0x00000230                PWM1_IRQHandler
                0x00000230                CANActivity_IRQHandler
                0x00000230                IntDefaultHandler
                0x00000230                PLL0_IRQHandler
                0x00000230                CAN_IRQHandler
                0x00000230                PLL1_IRQHandler
                0x00000230                USBActivity_IRQHandler
                0x00000230                I2S_IRQHandler
                0x00000230                EINT3_IRQHandler
                0x00000230                RTC_IRQHandler
                0x00000230                TIMER0_IRQHandler
                0x00000230                SPI_IRQHandler
                0x00000230                RIT_IRQHandler
                0x00000230                EINT1_IRQHandler
                0x00000230                TIMER1_IRQHandler
                0x00000230                ADC_IRQHandler
                0x00000230                SSP1_IRQHandler
                0x00000230                USB_IRQHandler
                0x00000230                BOD_IRQHandler
                0x00000230                EINT2_IRQHandler
                0x00000230                I2C2_IRQHandler
                0x00000230                QEI_IRQHandler
                0x00000230                EINT0_IRQHandler
                0x00000230                SSP0_IRQHandler
                0x00000230                DMA_IRQHandler
                0x00000230                TIMER2_IRQHandler
                0x00000230                MCPWM_IRQHandler
                0x00000230                ENET_IRQHandler
                0x000002fc                . = 0x2fc
 *fill*         0x00000238       0xc4 ff
                0x000002fc                PROVIDE (__CRP_WORD_START__, .)
 *(.crp)
 .crp           0x000002fc        0x4 ./src/crp.o
                0x000002fc                CRP_WORD
                0x00000300                PROVIDE (__CRP_WORD_END__, .)
                0x00000001                ASSERT (! ((__CRP_WORD_START__ == __CRP_WORD_END__)), Linker CRP Enabled, but no CRP_WORD provided within application)
 *(.text*)
 .text.LoadParams
                0x00000300      0x19c ./src/Calibration.o
                0x00000300                LoadParams
 .text.LoadTimings
                0x0000049c      0x2d8 ./src/Calibration.o
                0x0000049c                LoadTimings
 .text.EEPROM_Init
                0x00000774      0x114 ./src/Calibration.o
                0x00000774                EEPROM_Init
 .text.EEPROM_LoadInt64
                0x00000888       0xe4 ./src/Calibration.o
                0x00000888                EEPROM_LoadInt64
 .text.EEPROM_LoadString
                0x0000096c       0x5c ./src/Calibration.o
                0x0000096c                EEPROM_LoadString
 .text.GSM_SendAt
                0x000009c8       0x7c ./src/GSM.o
                0x000009c8                GSM_SendAt
 .text.GSM_TCP_Recv
                0x00000a44       0x2c ./src/GSM.o
                0x00000a44                GSM_TCP_Recv
 .text.GSM_ConnectToTrioUpgradeServer
                0x00000a70      0x388 ./src/GSM.o
                0x00000a70                GSM_ConnectToTrioUpgradeServer
 .text.GSM_TCP_Send
                0x00000df8      0x108 ./src/GSM.o
                0x00000df8                GSM_TCP_Send
 .text.GSM_TogglePwrKey
                0x00000f00       0x20 ./src/GSM.o
                0x00000f00                GSM_TogglePwrKey
 .text.GSM_ShutdownModule
                0x00000f20       0x64 ./src/GSM.o
                0x00000f20                GSM_ShutdownModule
 .text.GSM_InitModule
                0x00000f84       0xe8 ./src/GSM.o
                0x00000f84                GSM_InitModule
 .text.GSM_GetRegStat
                0x0000106c       0x64 ./src/GSM.o
                0x0000106c                GSM_GetRegStat
 .text.GSM_CheckSimCard
                0x000010d0       0x44 ./src/GSM.o
                0x000010d0                GSM_CheckSimCard
 .text.GSM_GetImei
                0x00001114       0x40 ./src/GSM.o
                0x00001114                GSM_GetImei
 .text.GSM_GetImsi
                0x00001154       0xb8 ./src/GSM.o
                0x00001154                GSM_GetImsi
 .text.GSM_EchoOFF
                0x0000120c       0x28 ./src/GSM.o
                0x0000120c                GSM_EchoOFF
 .text.GSM_TCP_Close
                0x00001234       0x28 ./src/GSM.o
                0x00001234                GSM_TCP_Close
 .text.u16CRC_Calc16
                0x0000125c       0x70 ./src/crc.o
                0x0000125c                u16CRC_Calc16
 .text.NVIC_EnableIRQ
                0x000012cc       0x30 ./src/exp_i2c.o
 .text.I2C0_IRQHandler
                0x000012fc      0x344 ./src/exp_i2c.o
                0x000012fc                I2C0_IRQHandler
 .text.I2C1_IRQHandler
                0x00001640      0x2e0 ./src/exp_i2c.o
                0x00001640                I2C1_IRQHandler
 .text.I2CStart
                0x00001920       0x9c ./src/exp_i2c.o
                0x00001920                I2CStart
 .text.I2CStop  0x000019bc       0x68 ./src/exp_i2c.o
                0x000019bc                I2CStop
 .text.I2CInit  0x00001a24       0xf4 ./src/exp_i2c.o
                0x00001a24                I2CInit
 .text.I2CEngine
                0x00001b18       0xd8 ./src/exp_i2c.o
                0x00001b18                I2CEngine
 .text.i2c_read
                0x00001bf0       0xe0 ./src/exp_i2c.o
                0x00001bf0                i2c_read
 .text.u32IAP_PrepareSectors
                0x00001cd0       0x48 ./src/iap.o
                0x00001cd0                u32IAP_PrepareSectors
 .text.u32IAP_CopyRAMToFlash
                0x00001d18       0x54 ./src/iap.o
                0x00001d18                u32IAP_CopyRAMToFlash
 .text.u32IAP_EraseSectors
                0x00001d6c       0x60 ./src/iap.o
                0x00001d6c                u32IAP_EraseSectors
 .text.u32IAP_BlankCheckSectors
                0x00001dcc       0x5c ./src/iap.o
                0x00001dcc                u32IAP_BlankCheckSectors
 .text.u32IAP_Compare
                0x00001e28       0x50 ./src/iap.o
                0x00001e28                u32IAP_Compare
 .text.NVIC_EnableIRQ
                0x00001e78       0x30 ./src/sec_bootloader.o
 .text.NVIC_SetPriority
                0x00001ea8       0x54 ./src/sec_bootloader.o
 .text.SysTick_Config
                0x00001efc       0x44 ./src/sec_bootloader.o
 .text.ConfigurePins
                0x00001f40      0x100 ./src/sec_bootloader.o
                0x00001f40                ConfigurePins
 .text.main     0x00002040      0x208 ./src/sec_bootloader.o
                0x00002040                main
 .text.IsUpgradeRequested
                0x00002248       0x20 ./src/sec_bootloader.o
                0x00002248                IsUpgradeRequested
 .text.DownloadSecondaryImage
                0x00002268       0xc8 ./src/sec_bootloader.o
 .text.ExecuteApplicationImage
                0x00002330       0x30 ./src/sec_bootloader.o
                0x00002330                ExecuteApplicationImage
 .text.load_image
                0x00002360      0x210 ./src/sec_bootloader.o
 .text.SysTick_Handler
                0x00002570       0x1c ./src/timer.o
                0x00002570                SysTick_Handler
 .text.DelayMs  0x0000258c       0x2c ./src/timer.o
                0x0000258c                DelayMs
 .text.Trace    0x000025b8       0x20 ./src/trace.o
                0x000025b8                Trace
 .text.TraceNL  0x000025d8       0x30 ./src/trace.o
                0x000025d8                TraceNL
 .text.TracePutc
                0x00002608       0x1c ./src/trace.o
                0x00002608                TracePutc
 .text.TracePutcHex
                0x00002624       0x38 ./src/trace.o
                0x00002624                TracePutcHex
 .text.TraceDumpHex
                0x0000265c      0x198 ./src/trace.o
                0x0000265c                TraceDumpHex
 .text.NVIC_EnableIRQ
                0x000027f4       0x30 ./src/uart.o
 .text.NVIC_DisableIRQ
                0x00002824       0x34 ./src/uart.o
 .text.UART0_IRQHandler
                0x00002858      0x108 ./src/uart.o
                0x00002858                UART0_IRQHandler
 .text.UART1_IRQHandler
                0x00002960      0x110 ./src/uart.o
                0x00002960                UART1_IRQHandler
 .text.UART2_IRQHandler
                0x00002a70      0x10c ./src/uart.o
                0x00002a70                UART2_IRQHandler
 .text.UART3_IRQHandler
                0x00002b7c      0x108 ./src/uart.o
                0x00002b7c                UART3_IRQHandler
 .text.UARTInit
                0x00002c84      0x330 ./src/uart.o
                0x00002c84                UARTInit
 .text.UARTSend
                0x00002fb4      0x138 ./src/uart.o
                0x00002fb4                UARTSend
 .text.ReadUart
                0x000030ec      0x174 ./src/uart.o
                0x000030ec                ReadUart
 .text.NVIC_EnableIRQ
                0x00003260       0x30 ./src/wdt.o
 .text.WDT_IRQHandler
                0x00003290       0x30 ./src/wdt.o
                0x00003290                WDT_IRQHandler
 .text.WDTInit  0x000032c0       0x3c ./src/wdt.o
                0x000032c0                WDTInit
 .text.WDTFeed  0x000032fc       0x20 ./src/wdt.o
                0x000032fc                WDTFeed
 .text.XModemReadByte
                0x0000331c      0x14c ./src/xmodem1k.o
                0x0000331c                XModemReadByte
 .text.XModem1K_Client
                0x00003468      0x478 ./src/xmodem1k.o
                0x00003468                XModem1K_Client
 .text.vTimerStart
                0x000038e0       0x7c ./src/xmodem1k.o
 .text.SystemCoreClockUpdate
                0x0000395c       0xac C:\cppwold\triobase\CMSISv2p00_LPC17xx\Debug\libCMSISv2p00_LPC17xx.a(system_LPC17xx.o)
                0x0000395c                SystemCoreClockUpdate
 .text.SystemInit
                0x00003a08       0xe0 C:\cppwold\triobase\CMSISv2p00_LPC17xx\Debug\libCMSISv2p00_LPC17xx.a(system_LPC17xx.o)
                0x00003a08                SystemInit
 .text.__main   0x00003ae8       0x14 c:/nxp/lpcxpresso_7.7.2_379/lpcxpresso/tools/bin/../lib/gcc/arm-none-eabi/4.9.3/../../../../arm-none-eabi/lib/armv7-m\libcr_nohost.a(_cr__main.o)
                0x00003ae8                __main
 .text.memset   0x00003afc        0x4 c:/nxp/lpcxpresso_7.7.2_379/lpcxpresso/tools/bin/../lib/gcc/arm-none-eabi/4.9.3/../../../../arm-none-eabi/lib/armv7-m\libcr_c.a(memset.o)
                0x00003afc                memset
 .text.malloc   0x00003b00       0xcc c:/nxp/lpcxpresso_7.7.2_379/lpcxpresso/tools/bin/../lib/gcc/arm-none-eabi/4.9.3/../../../../arm-none-eabi/lib/armv7-m\libcr_c.a(alloc.o)
                0x00003b00                malloc
 .text.free     0x00003bcc       0x30 c:/nxp/lpcxpresso_7.7.2_379/lpcxpresso/tools/bin/../lib/gcc/arm-none-eabi/4.9.3/../../../../arm-none-eabi/lib/armv7-m\libcr_c.a(alloc.o)
                0x00003bcc                free
 .text._Csys_alloc
                0x00003bfc       0x20 c:/nxp/lpcxpresso_7.7.2_379/lpcxpresso/tools/bin/../lib/gcc/arm-none-eabi/4.9.3/../../../../arm-none-eabi/lib/armv7-m\libcr_c.a(alloc.o)
                0x00003bfc                _Csys_alloc
 .text.fp_round
                0x00003c1c       0x4a c:/nxp/lpcxpresso_7.7.2_379/lpcxpresso/tools/bin/../lib/gcc/arm-none-eabi/4.9.3/../../../../arm-none-eabi/lib/armv7-m\libcr_c.a(fpprintf.o)
 .text.pr_dec.constprop.1
                0x00003c66       0x26 c:/nxp/lpcxpresso_7.7.2_379/lpcxpresso/tools/bin/../lib/gcc/arm-none-eabi/4.9.3/../../../../arm-none-eabi/lib/armv7-m\libcr_c.a(fpprintf.o)
 .text.sprintf  0x00003c8c       0x6c c:/nxp/lpcxpresso_7.7.2_379/lpcxpresso/tools/bin/../lib/gcc/arm-none-eabi/4.9.3/../../../../arm-none-eabi/lib/armv7-m\libcr_c.a(fpprintf.o)
                0x00003c8c                sprintf
 .text.fp_display
                0x00003cf8      0x900 c:/nxp/lpcxpresso_7.7.2_379/lpcxpresso/tools/bin/../lib/gcc/arm-none-eabi/4.9.3/../../../../arm-none-eabi/lib/armv7-m\libcr_c.a(fpprintf.o)
 .text._initio  0x000045f8       0xa4 c:/nxp/lpcxpresso_7.7.2_379/lpcxpresso/tools/bin/../lib/gcc/arm-none-eabi/4.9.3/../../../../arm-none-eabi/lib/armv7-m\libcr_c.a(initio.o)
                0x000045f8                _initio
 .text.__vfprintf
                0x0000469c      0xca4 c:/nxp/lpcxpresso_7.7.2_379/lpcxpresso/tools/bin/../lib/gcc/arm-none-eabi/4.9.3/../../../../arm-none-eabi/lib/armv7-m\libcr_c.a(printf.o)
                0x0000469c                __vfprintf
 .text.ch_val   0x00005340       0x30 c:/nxp/lpcxpresso_7.7.2_379/lpcxpresso/tools/bin/../lib/gcc/arm-none-eabi/4.9.3/../../../../arm-none-eabi/lib/armv7-m\libcr_c.a(scanf.o)
 .text._strtoul
                0x00005370       0xbc c:/nxp/lpcxpresso_7.7.2_379/lpcxpresso/tools/bin/../lib/gcc/arm-none-eabi/4.9.3/../../../../arm-none-eabi/lib/armv7-m\libcr_c.a(scanf.o)
 .text.strtol   0x0000542c       0x78 c:/nxp/lpcxpresso_7.7.2_379/lpcxpresso/tools/bin/../lib/gcc/arm-none-eabi/4.9.3/../../../../arm-none-eabi/lib/armv7-m\libcr_c.a(scanf.o)
                0x0000542c                strtol
 .text.atoi     0x000054a4       0x18 c:/nxp/lpcxpresso_7.7.2_379/lpcxpresso/tools/bin/../lib/gcc/arm-none-eabi/4.9.3/../../../../arm-none-eabi/lib/armv7-m\libcr_c.a(scanf.o)
                0x000054a4                atoi
 .text.setvbuf  0x000054bc       0x40 c:/nxp/lpcxpresso_7.7.2_379/lpcxpresso/tools/bin/../lib/gcc/arm-none-eabi/4.9.3/../../../../arm-none-eabi/lib/armv7-m\libcr_c.a(setvbuf.o)
                0x000054bc                setvbuf
 .text.strchr   0x000054fc       0x1a c:/nxp/lpcxpresso_7.7.2_379/lpcxpresso/tools/bin/../lib/gcc/arm-none-eabi/4.9.3/../../../../arm-none-eabi/lib/armv7-m\libcr_c.a(strchr.o)
                0x000054fc                strchr
 .text.strcpy   0x00005516       0x42 c:/nxp/lpcxpresso_7.7.2_379/lpcxpresso/tools/bin/../lib/gcc/arm-none-eabi/4.9.3/../../../../arm-none-eabi/lib/armv7-m\libcr_c.a(strcpy.o)
                0x00005516                strcpy
 .text.strlen   0x00005558       0x4a c:/nxp/lpcxpresso_7.7.2_379/lpcxpresso/tools/bin/../lib/gcc/arm-none-eabi/4.9.3/../../../../arm-none-eabi/lib/armv7-m\libcr_c.a(strlen.o)
                0x00005558                strlen
 .text.strncpy  0x000055a2       0x58 c:/nxp/lpcxpresso_7.7.2_379/lpcxpresso/tools/bin/../lib/gcc/arm-none-eabi/4.9.3/../../../../arm-none-eabi/lib/armv7-m\libcr_c.a(strncpy.o)
                0x000055a2                strncpy
 .text.strstr   0x000055fa       0x1e c:/nxp/lpcxpresso_7.7.2_379/lpcxpresso/tools/bin/../lib/gcc/arm-none-eabi/4.9.3/../../../../arm-none-eabi/lib/armv7-m\libcr_c.a(strstr.o)
                0x000055fa                strstr
 .text._sbrk    0x00005618       0x40 c:/nxp/lpcxpresso_7.7.2_379/lpcxpresso/tools/bin/../lib/gcc/arm-none-eabi/4.9.3/../../../../arm-none-eabi/lib/armv7-m\libcr_c.a(_cr_sbrk.o)
                0x00005618                _sbrk
 .text._deferredlazyseek
                0x00005658       0x44 c:/nxp/lpcxpresso_7.7.2_379/lpcxpresso/tools/bin/../lib/gcc/arm-none-eabi/4.9.3/../../../../arm-none-eabi/lib/armv7-m\libcr_c.a(_deferredlazyseek.o)
                0x00005658                _deferredlazyseek
 .text.__flsbuf
                0x0000569c      0x142 c:/nxp/lpcxpresso_7.7.2_379/lpcxpresso/tools/bin/../lib/gcc/arm-none-eabi/4.9.3/../../../../arm-none-eabi/lib/armv7-m\libcr_c.a(_deferredlazyseek.o)
                0x0000569c                __flsbuf
 .text._fdopen  0x000057de       0x6a c:/nxp/lpcxpresso_7.7.2_379/lpcxpresso/tools/bin/../lib/gcc/arm-none-eabi/4.9.3/../../../../arm-none-eabi/lib/armv7-m\libcr_c.a(_fdopen.o)
                0x000057de                _fdopen
 .text._fflush  0x00005848       0x58 c:/nxp/lpcxpresso_7.7.2_379/lpcxpresso/tools/bin/../lib/gcc/arm-none-eabi/4.9.3/../../../../arm-none-eabi/lib/armv7-m\libcr_c.a(_fflush.o)
                0x00005848                _fflush
 .text._frexpl  0x000058a0       0x5a c:/nxp/lpcxpresso_7.7.2_379/lpcxpresso/tools/bin/../lib/gcc/arm-none-eabi/4.9.3/../../../../arm-none-eabi/lib/armv7-m\libcr_c.a(_frexpl.o)
                0x000058a0                _frexpl
 *fill*         0x000058fa        0x2 
 .text._ldexpl  0x000058fc       0x4c c:/nxp/lpcxpresso_7.7.2_379/lpcxpresso/tools/bin/../lib/gcc/arm-none-eabi/4.9.3/../../../../arm-none-eabi/lib/armv7-m\libcr_c.a(_ldexpl.o)
                0x000058fc                _ldexpl
 .text._Cwritebuf
                0x00005948       0x70 c:/nxp/lpcxpresso_7.7.2_379/lpcxpresso/tools/bin/../lib/gcc/arm-none-eabi/4.9.3/../../../../arm-none-eabi/lib/armv7-m\libcr_c.a(_writebuf.o)
                0x00005948                _Cwritebuf
 .text.fclose   0x000059b8       0x6c c:/nxp/lpcxpresso_7.7.2_379/lpcxpresso/tools/bin/../lib/gcc/arm-none-eabi/4.9.3/../../../../arm-none-eabi/lib/armv7-m\libcr_c.a(fclose.o)
                0x000059b8                fclose
 .text.fflush   0x00005a24       0x30 c:/nxp/lpcxpresso_7.7.2_379/lpcxpresso/tools/bin/../lib/gcc/arm-none-eabi/4.9.3/../../../../arm-none-eabi/lib/armv7-m\libcr_c.a(fflush.o)
                0x00005a24                fflush
 .text.fseek    0x00005a54      0x110 c:/nxp/lpcxpresso_7.7.2_379/lpcxpresso/tools/bin/../lib/gcc/arm-none-eabi/4.9.3/../../../../arm-none-eabi/lib/armv7-m\libcr_c.a(fseek.o)
                0x00005a54                fseek
 .text.ftell    0x00005b64       0x4c c:/nxp/lpcxpresso_7.7.2_379/lpcxpresso/tools/bin/../lib/gcc/arm-none-eabi/4.9.3/../../../../arm-none-eabi/lib/armv7-m\libcr_c.a(ftell.o)
                0x00005b64                ftell
 .text.remove   0x00005bb0       0x14 c:/nxp/lpcxpresso_7.7.2_379/lpcxpresso/tools/bin/../lib/gcc/arm-none-eabi/4.9.3/../../../../arm-none-eabi/lib/armv7-m\libcr_c.a(remove.o)
                0x00005bb0                remove
 .text.__check_heap_overflow
                0x00005bc4       0x18 c:/nxp/lpcxpresso_7.7.2_379/lpcxpresso/tools/bin/../lib/gcc/arm-none-eabi/4.9.3/../../../../arm-none-eabi/lib/armv7-m\libcr_c.a(_cr_check_heap.o)
                0x00005bc4                __check_heap_overflow
 .text._do_fflush
                0x00005bdc       0x44 c:/nxp/lpcxpresso_7.7.2_379/lpcxpresso/tools/bin/../lib/gcc/arm-none-eabi/4.9.3/../../../../arm-none-eabi/lib/armv7-m\libcr_c.a(_do_fflush.o)
                0x00005bdc                _do_fflush
 .text.__aeabi_division_uldivmod
                0x00005c20      0x174 c:/nxp/lpcxpresso_7.7.2_379/lpcxpresso/tools/bin/../lib/gcc/arm-none-eabi/4.9.3/armv7-m\libcr_eabihelpers.a(division_64.o)
                0x00005c20                __aeabi_uldivmod
                0x00005c24                __bhs_ldivmod1
 .text.__aeabi_division_idiv0
                0x00005d94        0x2 c:/nxp/lpcxpresso_7.7.2_379/lpcxpresso/tools/bin/../lib/gcc/arm-none-eabi/4.9.3/armv7-m\libcr_eabihelpers.a(division_idiv0.o)
                0x00005d94                __aeabi_idiv0
 *fill*         0x00005d96        0x2 
 .text.__aeabi_dmul
                0x00005d98      0x120 c:/nxp/lpcxpresso_7.7.2_379/lpcxpresso/tools/bin/../lib/gcc/arm-none-eabi/4.9.3/armv7-m\libcr_eabihelpers.a(double.o)
                0x00005d98                __aeabi_dmul
 .text.__aeabi_ddiv
                0x00005eb8      0x150 c:/nxp/lpcxpresso_7.7.2_379/lpcxpresso/tools/bin/../lib/gcc/arm-none-eabi/4.9.3/armv7-m\libcr_eabihelpers.a(double.o)
                0x00005eb8                __aeabi_ddiv
 .text.__aeabi_dsub
                0x00006008      0x1d8 c:/nxp/lpcxpresso_7.7.2_379/lpcxpresso/tools/bin/../lib/gcc/arm-none-eabi/4.9.3/armv7-m\libcr_eabihelpers.a(double.o)
                0x00006008                __aeabi_dsub
 .text.__aeabi_dadd
                0x000061e0      0x134 c:/nxp/lpcxpresso_7.7.2_379/lpcxpresso/tools/bin/../lib/gcc/arm-none-eabi/4.9.3/armv7-m\libcr_eabihelpers.a(double.o)
                0x000061e0                __aeabi_dadd
 .text.__aeabi_d2iz
                0x00006314       0x40 c:/nxp/lpcxpresso_7.7.2_379/lpcxpresso/tools/bin/../lib/gcc/arm-none-eabi/4.9.3/armv7-m\libcr_eabihelpers.a(double.o)
                0x00006314                __aeabi_d2iz
 .text.__bhs_ui2d
                0x00006354       0x48 c:/nxp/lpcxpresso_7.7.2_379/lpcxpresso/tools/bin/../lib/gcc/arm-none-eabi/4.9.3/armv7-m\libcr_eabihelpers.a(double.o)
                0x00006354                __bhs_ui2d
 .text.__aeabi_i2d
                0x0000639c       0x14 c:/nxp/lpcxpresso_7.7.2_379/lpcxpresso/tools/bin/../lib/gcc/arm-none-eabi/4.9.3/armv7-m\libcr_eabihelpers.a(double.o)
                0x0000639c                __aeabi_i2d
 .text.__aeabi_dcmpeq
                0x000063b0       0x2c c:/nxp/lpcxpresso_7.7.2_379/lpcxpresso/tools/bin/../lib/gcc/arm-none-eabi/4.9.3/armv7-m\libcr_eabihelpers.a(double.o)
                0x000063b0                __aeabi_dcmpeq
 .text.__aeabi_dcmplt
                0x000063dc       0x5c c:/nxp/lpcxpresso_7.7.2_379/lpcxpresso/tools/bin/../lib/gcc/arm-none-eabi/4.9.3/armv7-m\libcr_eabihelpers.a(double.o)
                0x000063dc                __aeabi_dcmplt
 .text.__aeabi_dcmple
                0x00006438       0x5c c:/nxp/lpcxpresso_7.7.2_379/lpcxpresso/tools/bin/../lib/gcc/arm-none-eabi/4.9.3/armv7-m\libcr_eabihelpers.a(double.o)
                0x00006438                __aeabi_dcmple
 .text.__aeabi_dcmpge
                0x00006494       0x5c c:/nxp/lpcxpresso_7.7.2_379/lpcxpresso/tools/bin/../lib/gcc/arm-none-eabi/4.9.3/armv7-m\libcr_eabihelpers.a(double.o)
                0x00006494                __aeabi_dcmpge
 .text.__aeabi_memset_lowlevel
                0x000064f0       0x32 c:/nxp/lpcxpresso_7.7.2_379/lpcxpresso/tools/bin/../lib/gcc/arm-none-eabi/4.9.3/armv7-m\libcr_eabihelpers.a(memcpy.o)
                0x000064f0                __aeabi_lowlevel_memset
 .text.__sys_appexit
                0x00006522        0x2 c:/nxp/lpcxpresso_7.7.2_379/lpcxpresso/tools/bin/../lib/gcc/arm-none-eabi/4.9.3/../../../../arm-none-eabi/lib/armv7-m\libcr_nohost.a(__sys_appexit.o)
                0x00006522                __sys_appexit
                0x00006522                __exit
 .text.__sys_close
                0x00006524        0x6 c:/nxp/lpcxpresso_7.7.2_379/lpcxpresso/tools/bin/../lib/gcc/arm-none-eabi/4.9.3/../../../../arm-none-eabi/lib/armv7-m\libcr_nohost.a(__sys_close.o)
                0x00006524                __sys_close
 .text.__sys_flen
                0x0000652a        0x6 c:/nxp/lpcxpresso_7.7.2_379/lpcxpresso/tools/bin/../lib/gcc/arm-none-eabi/4.9.3/../../../../arm-none-eabi/lib/armv7-m\libcr_nohost.a(__sys_flen.o)
                0x0000652a                __sys_flen
 .text.__sys_istty
                0x00006530        0x6 c:/nxp/lpcxpresso_7.7.2_379/lpcxpresso/tools/bin/../lib/gcc/arm-none-eabi/4.9.3/../../../../arm-none-eabi/lib/armv7-m\libcr_nohost.a(__sys_istty.o)
                0x00006530                __sys_istty
 .text.__sys_remove
                0x00006536        0x6 c:/nxp/lpcxpresso_7.7.2_379/lpcxpresso/tools/bin/../lib/gcc/arm-none-eabi/4.9.3/../../../../arm-none-eabi/lib/armv7-m\libcr_nohost.a(__sys_remove.o)
                0x00006536                __sys_remove
 .text.__sys_seek
                0x0000653c        0x6 c:/nxp/lpcxpresso_7.7.2_379/lpcxpresso/tools/bin/../lib/gcc/arm-none-eabi/4.9.3/../../../../arm-none-eabi/lib/armv7-m\libcr_nohost.a(__sys_seek.o)
                0x0000653c                __sys_seek
 .text.__sys_tmpnam
                0x00006542        0x6 c:/nxp/lpcxpresso_7.7.2_379/lpcxpresso/tools/bin/../lib/gcc/arm-none-eabi/4.9.3/../../../../arm-none-eabi/lib/armv7-m\libcr_nohost.a(__sys_tmpnam.o)
                0x00006542                __sys_tmpnam
 .text.__sys_write
                0x00006548        0x4 c:/nxp/lpcxpresso_7.7.2_379/lpcxpresso/tools/bin/../lib/gcc/arm-none-eabi/4.9.3/../../../../arm-none-eabi/lib/armv7-m\libcr_nohost.a(__sys_write.o)
                0x00006548                __sys_write
                0x00006548                __write
 *(.rodata .rodata.* .constdata .constdata.*)
 .rodata        0x0000654c      0x178 ./src/Calibration.o
 .rodata        0x000066c4      0x4e8 ./src/GSM.o
 .rodata        0x00006bac      0x754 ./src/sec_bootloader.o
 .rodata        0x00007300       0x20 ./src/trace.o
 .rodata        0x00007320      0x1d0 ./src/xmodem1k.o
 .rodata.str1.1
                0x000074f0       0x18 c:/nxp/lpcxpresso_7.7.2_379/lpcxpresso/tools/bin/../lib/gcc/arm-none-eabi/4.9.3/../../../../arm-none-eabi/lib/armv7-m\libcr_c.a(alloc.o)
 .rodata.__ctype
                0x00007508      0x180 c:/nxp/lpcxpresso_7.7.2_379/lpcxpresso/tools/bin/../lib/gcc/arm-none-eabi/4.9.3/../../../../arm-none-eabi/lib/armv7-m\libcr_c.a(ctype.o)
                0x00007508                __ctype
 .rodata.str1.1
                0x00007688       0x34 c:/nxp/lpcxpresso_7.7.2_379/lpcxpresso/tools/bin/../lib/gcc/arm-none-eabi/4.9.3/../../../../arm-none-eabi/lib/armv7-m\libcr_c.a(fpprintf.o)
                                 0x35 (size before relaxing)
 .rodata.str1.1
                0x000076bc        0x4 c:/nxp/lpcxpresso_7.7.2_379/lpcxpresso/tools/bin/../lib/gcc/arm-none-eabi/4.9.3/../../../../arm-none-eabi/lib/armv7-m\libcr_c.a(initio.o)
 .rodata.str1.1
                0x000076c0       0x31 c:/nxp/lpcxpresso_7.7.2_379/lpcxpresso/tools/bin/../lib/gcc/arm-none-eabi/4.9.3/../../../../arm-none-eabi/lib/armv7-m\libcr_c.a(printf.o)
                                 0x38 (size before relaxing)
 *fill*         0x000076f1        0x7 
 .rodata.__huge_vall
                0x000076f8        0x8 c:/nxp/lpcxpresso_7.7.2_379/lpcxpresso/tools/bin/../lib/gcc/arm-none-eabi/4.9.3/../../../../arm-none-eabi/lib/armv7-m\libcr_c.a(_hugeval.o)
                0x000076f8                __huge_vall
                0x00007700                . = ALIGN (0x4)

.glue_7         0x00007700        0x0
 .glue_7        0x00000000        0x0 linker stubs

.glue_7t        0x00007700        0x0
 .glue_7t       0x00000000        0x0 linker stubs

.vfp11_veneer   0x00007700        0x0
 .vfp11_veneer  0x00000000        0x0 linker stubs

.v4_bx          0x00007700        0x0
 .v4_bx         0x00000000        0x0 linker stubs

.iplt           0x00007700        0x0
 .iplt          0x00000000        0x0 ./src/Calibration.o

.rel.dyn        0x00007700        0x0
 .rel.iplt      0x00000000        0x0 ./src/Calibration.o

.ARM.extab
 *(.ARM.extab* .gnu.linkonce.armextab.*)
                0x00007700                __exidx_start = .

.ARM.exidx
 *(.ARM.exidx* .gnu.linkonce.armexidx.*)
                0x00007700                __exidx_end = .
                0x00007700                _etext = .

.data_RAM2      0x2007c000        0x0 load address 0x00007700
 FILL mask 0xff
                0x2007c000                PROVIDE (__start_data_RAM2, .)
 *(.ramfunc.$RAM2)
 *(.ramfunc.$RamAHB32)
 *(.data.$RAM2*)
 *(.data.$RamAHB32*)
                0x2007c000                . = ALIGN (0x4)
                0x2007c000                PROVIDE (__end_data_RAM2, .)

.uninit_RESERVED
                0x10000000        0x0
 *(.bss.$RESERVED*)
                0x10000000                . = ALIGN (0x4)
                0x10000000                _end_uninit_RESERVED = .

.data           0x10000000       0x1c load address 0x00007700
 FILL mask 0xff
                0x10000000                _data = .
 *(vtable)
 *(.ramfunc*)
 *(.data*)
 .data.static_update_server_ip
                0x10000000       0x10 ./src/Calibration.o
                0x10000000                static_update_server_ip
 .data.last_hard_reset
                0x10000010        0x4 ./src/GSM.o
                0x10000010                last_hard_reset
 .data.UART0TxEmpty
                0x10000014        0x1 ./src/uart.o
                0x10000014                UART0TxEmpty
 .data.UART1TxEmpty
                0x10000015        0x1 ./src/uart.o
                0x10000015                UART1TxEmpty
 .data.UART3TxEmpty
                0x10000016        0x1 ./src/uart.o
                0x10000016                UART3TxEmpty
 .data.UART2TxEmpty
                0x10000017        0x1 ./src/uart.o
                0x10000017                UART2TxEmpty
 .data.SystemCoreClock
                0x10000018        0x4 C:\cppwold\triobase\CMSISv2p00_LPC17xx\Debug\libCMSISv2p00_LPC17xx.a(system_LPC17xx.o)
                0x10000018                SystemCoreClock
                0x1000001c                . = ALIGN (0x4)
                0x1000001c                _edata = .

.igot.plt       0x1000001c        0x0 load address 0x0000771c
 .igot.plt      0x00000000        0x0 ./src/Calibration.o

.bss_RAM2       0x2007c000        0x0
                0x2007c000                PROVIDE (__start_bss_RAM2, .)
 *(.bss.$RAM2*)
 *(.bss.$RamAHB32*)
                0x2007c000                . = ALIGN (0x4)
                0x2007c000                PROVIDE (__end_bss_RAM2, .)

.bss            0x10000020     0x1ff8
                0x10000020                _bss = .
 *(.bss*)
 .bss.connectionFailCount
                0x10000020        0x4 ./src/GSM.o
                0x10000020                connectionFailCount
 .bss.I2C0_MasterState
                0x10000024        0x4 ./src/exp_i2c.o
                0x10000024                I2C0_MasterState
 .bss.RdIndex_0
                0x10000028        0x4 ./src/exp_i2c.o
                0x10000028                RdIndex_0
 .bss.WrIndex_0
                0x1000002c        0x4 ./src/exp_i2c.o
                0x1000002c                WrIndex_0
 .bss.flashWriteBuffer
                0x10000030      0x400 ./src/sec_bootloader.o
 .bss.flashWriteIndex
                0x10000430        0x4 ./src/sec_bootloader.o
 .bss.received_data
                0x10000434        0x4 ./src/sec_bootloader.o
 .bss.UART0Count
                0x10000438        0x2 ./src/uart.o
                0x10000438                UART0Count
 .bss.UART1Count
                0x1000043a        0x2 ./src/uart.o
                0x1000043a                UART1Count
 .bss.UART2Count
                0x1000043c        0x2 ./src/uart.o
                0x1000043c                UART2Count
 .bss.UART3Count
                0x1000043e        0x2 ./src/uart.o
                0x1000043e                UART3Count
 .bss.au8RxBuffer
                0x10000440      0x400 ./src/xmodem1k.o
 .bss.receiveBuf
                0x10000840      0x44c ./src/xmodem1k.o
 .bss.dataLen   0x10000c8c        0x2 ./src/xmodem1k.o
 .bss.dataIndex
                0x10000c8e        0x2 ./src/xmodem1k.o
 .bss.errno     0x10000c90        0x4 c:/nxp/lpcxpresso_7.7.2_379/lpcxpresso/tools/bin/../lib/gcc/arm-none-eabi/4.9.3/../../../../arm-none-eabi/lib/armv7-m\libcr_c.a(errno.o)
                0x10000c90                errno
 *(COMMON)
 *fill*         0x10000c94        0x4 
 COMMON         0x10000c98       0xea ./src/Calibration.o
                0x10000c98                per_lowpow_period
                0x10000c9c                cal_apn_pass
                0x10000ca0                per_ignoffperiod_val
                0x10000ca4                j
                0x10000ca8                per_ip_val
                0x10000cd0                cal_ign_on_period
                0x10000cd4                per_ignonroamingperiod_val
                0x10000cd8                per_ignonperiod_val
                0x10000cdc                cal_lowpow_mode
                0x10000ce0                per_lowpow_mode
                0x10000ce4                cal_coffee_counter
                0x10000ce8                cal_mileage
                0x10000cec                per_lowpow_just_wake
                0x10000cf0                cal_ign_on_roaming_period
                0x10000cf4                cal_lowpow_cancel
                0x10000cf8                per_apnuser_val
                0x10000d0c                i
                0x10000d10                test
                0x10000d14                cal_apn_user
                0x10000d18                per_port_val
                0x10000d1c                STT_Value
                0x10000d20                cal_ign_off_roaming_period
                0x10000d24                cal_port
                0x10000d28                cal_ip
                0x10000d2c                cal_lowpow_just_wake
                0x10000d30                per_lowpow_cancel
                0x10000d34                per_coffe_counter
                0x10000d38                per_mileage_val
                0x10000d40                cal_ign_off_period
                0x10000d44                per_ignoffroamingperiod_val
                0x10000d48                per_apnpass_val
                0x10000d5c                cal_lowpow_period
                0x10000d60                cal_apn
                0x10000d64                per_apn_val
 *fill*         0x10000d82        0x6 
 COMMON         0x10000d88      0x1e0 ./src/GPS.o
                0x10000d88                gpsHeading
                0x10000d90                fixType
                0x10000d94                numSats
                0x10000d98                vdop
                0x10000da0                prev_lat
                0x10000da8                GGAFields
                0x10000de4                last_gps_time
                0x10000de8                GSAFields
                0x10000e30                gps_led_val
                0x10000e34                pFields
                0x10000e38                pdop
                0x10000e3c                tempPFields
                0x10000e6c                is_gps_valid
                0x10000e70                ewns
                0x10000e78                last_lon
                0x10000e80                prev_lon
                0x10000e88                last_valid_gprmc
                0x10000f50                gpsSpeed
                0x10000f58                device_power_state
                0x10000f5c                hdop
                0x10000f60                last_lat
 COMMON         0x10000f68       0x46 ./src/GSM.o
                0x10000f68                imsi
                0x10000f7c                imei
                0x10000f90                lbs_str
 *fill*         0x10000fae        0x2 
 COMMON         0x10000fb0       0xb4 ./src/exp_i2c.o
                0x10000fb0                I2C1_WriteLength
                0x10000fb4                RdIndex_1
                0x10000fb8                I2C0_Mode
                0x10000fbc                I2C1_SlaveState
                0x10000fc0                I2C0_ReadLength
                0x10000fc4                I2C1_ReadLength
                0x10000fc8                I2C1_Mode
                0x10000fcc                I2C1_Count
                0x10000fd0                I2C1_SlaveBuffer
                0x10000ff0                I2C1_Cmd
                0x10000ff4                I2C1_MasterState
                0x10000ff8                I2C0_SlaveBuffer
                0x10001018                I2C0_WriteLength
                0x1000101c                I2C1_MasterBuffer
                0x1000103c                I2C0_MasterBuffer
                0x1000105c                I2C0_Cmd
                0x10001060                WrIndex_1
 COMMON         0x10001064      0xe64 ./src/uart.o
                0x10001064                UART2CountOku
                0x10001068                UART1Buffer
                0x100014b4                UART1CountOku
                0x100014b8                UART2Status
                0x100014bc                UART3CountOku
                0x100014c0                UART3Status
                0x100014c4                UART0Buffer
                0x100015c4                UART1Status
                0x100015c8                UART0CountOku
                0x100015cc                UART3Buffer
                0x100016cc                UART2Buffer
                0x10001ec4                UART0Status
 COMMON         0x10001ec8        0x4 ./src/wdt.o
                0x10001ec8                wdt_counter
 COMMON         0x10001ecc        0x4 c:/nxp/lpcxpresso_7.7.2_379/lpcxpresso/tools/bin/../lib/gcc/arm-none-eabi/4.9.3/../../../../arm-none-eabi/lib/armv7-m\libcr_c.a(initio.o)
                0x10001ecc                _extra
 COMMON         0x10001ed0      0x140 c:/nxp/lpcxpresso_7.7.2_379/lpcxpresso/tools/bin/../lib/gcc/arm-none-eabi/4.9.3/../../../../arm-none-eabi/lib/armv7-m\libcr_c.a(stdio.o)
                0x10001ed0                __Ciob
 COMMON         0x10002010        0x8 c:/nxp/lpcxpresso_7.7.2_379/lpcxpresso/tools/bin/../lib/gcc/arm-none-eabi/4.9.3/../../../../arm-none-eabi/lib/armv7-m\libcr_c.a(__init_alloc.o)
                0x10002010                __heaps
                0x10002014                __end_of_heap
                0x10002018                . = ALIGN (0x4)
                0x10002018                _ebss = .
                0x10002018                PROVIDE (end, .)

.noinit_RAM2    0x2007c000        0x0
 *(.noinit.$RAM2*)
 *(.noinit.$RamAHB32*)
                0x2007c000                . = ALIGN (0x4)

.noinit         0x10002018        0x0
                0x10002018                _noinit = .
 *(.noinit*)
                0x10002018                . = ALIGN (0x4)
                0x10002018                _end_noinit = .
                0x10002018                PROVIDE (_pvHeapStart, DEFINED (__user_heap_base)?__user_heap_base:.)
                0x10008000                PROVIDE (_vStackTop, DEFINED (__user_stack_top)?__user_stack_top:(__top_RamLoc32 - 0x0))
OUTPUT(secBootLoader.axf elf32-littlearm)

.debug_info     0x00000000     0x7195
 .debug_info    0x00000000      0x598 ./src/Calibration.o
 .debug_info    0x00000598      0x97d ./src/GPS.o
 .debug_info    0x00000f15      0xf30 ./src/GSM.o
 .debug_info    0x00001e45      0x24b ./src/cr_startup_lpc175x_6x.o
 .debug_info    0x00002090       0xec ./src/crc.o
 .debug_info    0x0000217c       0x3f ./src/crp.o
 .debug_info    0x000021bb      0xb0c ./src/exp_i2c.o
 .debug_info    0x00002cc7      0x489 ./src/iap.o
 .debug_info    0x00003150     0x1b00 ./src/sec_bootloader.o
 .debug_info    0x00004c50      0x237 ./src/timer.o
 .debug_info    0x00004e87      0x228 ./src/trace.o
 .debug_info    0x000050af     0x106c ./src/uart.o
 .debug_info    0x0000611b      0x470 ./src/wdt.o
 .debug_info    0x0000658b      0x8f2 ./src/xmodem1k.o
 .debug_info    0x00006e7d      0x318 C:\cppwold\triobase\CMSISv2p00_LPC17xx\Debug\libCMSISv2p00_LPC17xx.a(system_LPC17xx.o)

.debug_abbrev   0x00000000     0x16b7
 .debug_abbrev  0x00000000      0x151 ./src/Calibration.o
 .debug_abbrev  0x00000151      0x1f2 ./src/GPS.o
 .debug_abbrev  0x00000343      0x26c ./src/GSM.o
 .debug_abbrev  0x000005af       0xf5 ./src/cr_startup_lpc175x_6x.o
 .debug_abbrev  0x000006a4       0x93 ./src/crc.o
 .debug_abbrev  0x00000737       0x36 ./src/crp.o
 .debug_abbrev  0x0000076d      0x1de ./src/exp_i2c.o
 .debug_abbrev  0x0000094b      0x142 ./src/iap.o
 .debug_abbrev  0x00000a8d      0x340 ./src/sec_bootloader.o
 .debug_abbrev  0x00000dcd      0x104 ./src/timer.o
 .debug_abbrev  0x00000ed1       0xe0 ./src/trace.o
 .debug_abbrev  0x00000fb1      0x272 ./src/uart.o
 .debug_abbrev  0x00001223      0x19e ./src/wdt.o
 .debug_abbrev  0x000013c1      0x210 ./src/xmodem1k.o
 .debug_abbrev  0x000015d1       0xe6 C:\cppwold\triobase\CMSISv2p00_LPC17xx\Debug\libCMSISv2p00_LPC17xx.a(system_LPC17xx.o)

.debug_aranges  0x00000000      0x528
 .debug_aranges
                0x00000000       0x60 ./src/Calibration.o
 .debug_aranges
                0x00000060       0x60 ./src/GPS.o
 .debug_aranges
                0x000000c0       0xe8 ./src/GSM.o
 .debug_aranges
                0x000001a8       0x80 ./src/cr_startup_lpc175x_6x.o
 .debug_aranges
                0x00000228       0x20 ./src/crc.o
 .debug_aranges
                0x00000248       0x18 ./src/crp.o
 .debug_aranges
                0x00000260       0x60 ./src/exp_i2c.o
 .debug_aranges
                0x000002c0       0x60 ./src/iap.o
 .debug_aranges
                0x00000320       0x90 ./src/sec_bootloader.o
 .debug_aranges
                0x000003b0       0x30 ./src/timer.o
 .debug_aranges
                0x000003e0       0x40 ./src/trace.o
 .debug_aranges
                0x00000420       0x68 ./src/uart.o
 .debug_aranges
                0x00000488       0x48 ./src/wdt.o
 .debug_aranges
                0x000004d0       0x30 ./src/xmodem1k.o
 .debug_aranges
                0x00000500       0x28 C:\cppwold\triobase\CMSISv2p00_LPC17xx\Debug\libCMSISv2p00_LPC17xx.a(system_LPC17xx.o)

.debug_ranges   0x00000000      0x430
 .debug_ranges  0x00000000       0x50 ./src/Calibration.o
 .debug_ranges  0x00000050       0x50 ./src/GPS.o
 .debug_ranges  0x000000a0       0xd8 ./src/GSM.o
 .debug_ranges  0x00000178       0x70 ./src/cr_startup_lpc175x_6x.o
 .debug_ranges  0x000001e8       0x10 ./src/crc.o
 .debug_ranges  0x000001f8       0x50 ./src/exp_i2c.o
 .debug_ranges  0x00000248       0x50 ./src/iap.o
 .debug_ranges  0x00000298       0x80 ./src/sec_bootloader.o
 .debug_ranges  0x00000318       0x20 ./src/timer.o
 .debug_ranges  0x00000338       0x30 ./src/trace.o
 .debug_ranges  0x00000368       0x58 ./src/uart.o
 .debug_ranges  0x000003c0       0x38 ./src/wdt.o
 .debug_ranges  0x000003f8       0x20 ./src/xmodem1k.o
 .debug_ranges  0x00000418       0x18 C:\cppwold\triobase\CMSISv2p00_LPC17xx\Debug\libCMSISv2p00_LPC17xx.a(system_LPC17xx.o)

.debug_macro    0x00000000     0x3834
 .debug_macro   0x00000000       0x9b ./src/Calibration.o
 .debug_macro   0x0000009b      0x880 ./src/Calibration.o
 .debug_macro   0x0000091b       0x10 ./src/Calibration.o
 .debug_macro   0x0000092b      0x12d ./src/Calibration.o
 .debug_macro   0x00000a58      0x5b2 ./src/Calibration.o
 .debug_macro   0x0000100a       0x1c ./src/Calibration.o
 .debug_macro   0x00001026       0xa6 ./src/Calibration.o
 .debug_macro   0x000010cc       0x1c ./src/Calibration.o
 .debug_macro   0x000010e8       0x7c ./src/Calibration.o
 .debug_macro   0x00001164       0x9a ./src/Calibration.o
 .debug_macro   0x000011fe       0xf2 ./src/GPS.o
 .debug_macro   0x000012f0       0x7c ./src/GPS.o
 .debug_macro   0x0000136c       0x2e ./src/GPS.o
 .debug_macro   0x0000139a       0x2e ./src/GPS.o
 .debug_macro   0x000013c8       0x1c ./src/GPS.o
 .debug_macro   0x000013e4       0x2e ./src/GPS.o
 .debug_macro   0x00001412       0x18 ./src/GPS.o
 .debug_macro   0x0000142a      0x7af ./src/GPS.o
 .debug_macro   0x00001bd9      0x2c7 ./src/GPS.o
 .debug_macro   0x00001ea0       0x22 ./src/GPS.o
 .debug_macro   0x00001ec2       0xc4 ./src/GPS.o
 .debug_macro   0x00001f86      0x118 ./src/GSM.o
 .debug_macro   0x0000209e       0x9a ./src/GSM.o
 .debug_macro   0x00002138       0x1d ./src/cr_startup_lpc175x_6x.o
 .debug_macro   0x00002155       0x46 ./src/crc.o
 .debug_macro   0x0000219b       0x1a ./src/crp.o
 .debug_macro   0x000021b5       0x34 ./src/crp.o
 .debug_macro   0x000021e9       0x7e ./src/exp_i2c.o
 .debug_macro   0x00002267       0x1c ./src/exp_i2c.o
 .debug_macro   0x00002283      0x2c7 ./src/exp_i2c.o
 .debug_macro   0x0000254a       0xd5 ./src/iap.o
 .debug_macro   0x0000261f       0x5e ./src/iap.o
 .debug_macro   0x0000267d      0x1e4 ./src/iap.o
 .debug_macro   0x00002861      0x12f ./src/sec_bootloader.o
 .debug_macro   0x00002990       0xa0 ./src/sec_bootloader.o
 .debug_macro   0x00002a30       0x16 ./src/sec_bootloader.o
 .debug_macro   0x00002a46       0x16 ./src/sec_bootloader.o
 .debug_macro   0x00002a5c       0x64 ./src/sec_bootloader.o
 .debug_macro   0x00002ac0       0x2e ./src/sec_bootloader.o
 .debug_macro   0x00002aee       0x82 ./src/sec_bootloader.o
 .debug_macro   0x00002b70       0x7e ./src/timer.o
 .debug_macro   0x00002bee       0x75 ./src/trace.o
 .debug_macro   0x00002c63       0x8b ./src/uart.o
 .debug_macro   0x00002cee       0x87 ./src/wdt.o
 .debug_macro   0x00002d75      0x120 ./src/xmodem1k.o
 .debug_macro   0x00002e95      0x12b C:\cppwold\triobase\CMSISv2p00_LPC17xx\Debug\libCMSISv2p00_LPC17xx.a(system_LPC17xx.o)
 .debug_macro   0x00002fc0      0x874 C:\cppwold\triobase\CMSISv2p00_LPC17xx\Debug\libCMSISv2p00_LPC17xx.a(system_LPC17xx.o)

.debug_line     0x00000000     0x29f9
 .debug_line    0x00000000      0x327 ./src/Calibration.o
 .debug_line    0x00000327      0x332 ./src/GPS.o
 .debug_line    0x00000659      0x608 ./src/GSM.o
 .debug_line    0x00000c61       0xd5 ./src/cr_startup_lpc175x_6x.o
 .debug_line    0x00000d36      0x112 ./src/crc.o
 .debug_line    0x00000e48       0x78 ./src/crp.o
 .debug_line    0x00000ec0      0x366 ./src/exp_i2c.o
 .debug_line    0x00001226      0x2a1 ./src/iap.o
 .debug_line    0x000014c7      0x703 ./src/sec_bootloader.o
 .debug_line    0x00001bca      0x1be ./src/timer.o
 .debug_line    0x00001d88      0x1c1 ./src/trace.o
 .debug_line    0x00001f49      0x3ca ./src/uart.o
 .debug_line    0x00002313      0x220 ./src/wdt.o
 .debug_line    0x00002533      0x2f0 ./src/xmodem1k.o
 .debug_line    0x00002823      0x1d6 C:\cppwold\triobase\CMSISv2p00_LPC17xx\Debug\libCMSISv2p00_LPC17xx.a(system_LPC17xx.o)

.debug_str      0x00000000     0xc25e
 .debug_str     0x00000000     0x4564 ./src/Calibration.o
                               0x4625 (size before relaxing)
 .debug_str     0x00004564     0x4b57 ./src/GPS.o
                               0x8a05 (size before relaxing)
 .debug_str     0x000090bb      0x672 ./src/GSM.o
                               0x8e11 (size before relaxing)
 .debug_str     0x0000972d      0x1c2 ./src/cr_startup_lpc175x_6x.o
                               0x263a (size before relaxing)
 .debug_str     0x000098ef       0x3a ./src/crc.o
                               0x3c17 (size before relaxing)
 .debug_str     0x00009929       0xe9 ./src/crp.o
                               0x2552 (size before relaxing)
 .debug_str     0x00009a12      0x6e0 ./src/exp_i2c.o
                               0x85d0 (size before relaxing)
 .debug_str     0x0000a0f2      0xd9b ./src/iap.o
                               0x8a58 (size before relaxing)
 .debug_str     0x0000ae8d      0xa13 ./src/sec_bootloader.o
                               0xa955 (size before relaxing)
 .debug_str     0x0000b8a0       0x1c ./src/timer.o
                               0x7d70 (size before relaxing)
 .debug_str     0x0000b8bc       0x51 ./src/trace.o
                               0x3dfc (size before relaxing)
 .debug_str     0x0000b90d      0x25f ./src/uart.o
                               0x855c (size before relaxing)
 .debug_str     0x0000bb6c       0xd5 ./src/wdt.o
                               0x83ac (size before relaxing)
 .debug_str     0x0000bc41      0x23c ./src/xmodem1k.o
                               0x8b9b (size before relaxing)
 .debug_str     0x0000be7d      0x3e1 C:\cppwold\triobase\CMSISv2p00_LPC17xx\Debug\libCMSISv2p00_LPC17xx.a(system_LPC17xx.o)
                               0x80e5 (size before relaxing)

.comment        0x00000000       0x70
 .comment       0x00000000       0x70 ./src/Calibration.o
                                 0x71 (size before relaxing)
 .comment       0x00000000       0x71 ./src/GPS.o
 .comment       0x00000000       0x71 ./src/GSM.o
 .comment       0x00000000       0x71 ./src/cr_startup_lpc175x_6x.o
 .comment       0x00000000       0x71 ./src/crc.o
 .comment       0x00000000       0x71 ./src/crp.o
 .comment       0x00000000       0x71 ./src/exp_i2c.o
 .comment       0x00000000       0x71 ./src/iap.o
 .comment       0x00000000       0x71 ./src/sec_bootloader.o
 .comment       0x00000000       0x71 ./src/timer.o
 .comment       0x00000000       0x71 ./src/trace.o
 .comment       0x00000000       0x71 ./src/uart.o
 .comment       0x00000000       0x71 ./src/wdt.o
 .comment       0x00000000       0x71 ./src/xmodem1k.o
 .comment       0x00000000       0x71 C:\cppwold\triobase\CMSISv2p00_LPC17xx\Debug\libCMSISv2p00_LPC17xx.a(system_LPC17xx.o)
 .comment       0x00000000       0x71 c:/nxp/lpcxpresso_7.7.2_379/lpcxpresso/tools/bin/../lib/gcc/arm-none-eabi/4.9.3/../../../../arm-none-eabi/lib/armv7-m\libcr_nohost.a(_cr__main.o)
 .comment       0x00000000       0x71 c:/nxp/lpcxpresso_7.7.2_379/lpcxpresso/tools/bin/../lib/gcc/arm-none-eabi/4.9.3/../../../../arm-none-eabi/lib/armv7-m\libcr_c.a(memset.o)
 .comment       0x00000000       0x71 c:/nxp/lpcxpresso_7.7.2_379/lpcxpresso/tools/bin/../lib/gcc/arm-none-eabi/4.9.3/../../../../arm-none-eabi/lib/armv7-m\libcr_c.a(alloc.o)
 .comment       0x00000000       0x71 c:/nxp/lpcxpresso_7.7.2_379/lpcxpresso/tools/bin/../lib/gcc/arm-none-eabi/4.9.3/../../../../arm-none-eabi/lib/armv7-m\libcr_c.a(ctype.o)
 .comment       0x00000000       0x71 c:/nxp/lpcxpresso_7.7.2_379/lpcxpresso/tools/bin/../lib/gcc/arm-none-eabi/4.9.3/../../../../arm-none-eabi/lib/armv7-m\libcr_c.a(errno.o)
 .comment       0x00000000       0x71 c:/nxp/lpcxpresso_7.7.2_379/lpcxpresso/tools/bin/../lib/gcc/arm-none-eabi/4.9.3/../../../../arm-none-eabi/lib/armv7-m\libcr_c.a(fpprintf.o)
 .comment       0x00000000       0x71 c:/nxp/lpcxpresso_7.7.2_379/lpcxpresso/tools/bin/../lib/gcc/arm-none-eabi/4.9.3/../../../../arm-none-eabi/lib/armv7-m\libcr_c.a(initio.o)
 .comment       0x00000000       0x71 c:/nxp/lpcxpresso_7.7.2_379/lpcxpresso/tools/bin/../lib/gcc/arm-none-eabi/4.9.3/../../../../arm-none-eabi/lib/armv7-m\libcr_c.a(printf.o)
 .comment       0x00000000       0x71 c:/nxp/lpcxpresso_7.7.2_379/lpcxpresso/tools/bin/../lib/gcc/arm-none-eabi/4.9.3/../../../../arm-none-eabi/lib/armv7-m\libcr_c.a(scanf.o)
 .comment       0x00000000       0x71 c:/nxp/lpcxpresso_7.7.2_379/lpcxpresso/tools/bin/../lib/gcc/arm-none-eabi/4.9.3/../../../../arm-none-eabi/lib/armv7-m\libcr_c.a(setvbuf.o)
 .comment       0x00000000       0x71 c:/nxp/lpcxpresso_7.7.2_379/lpcxpresso/tools/bin/../lib/gcc/arm-none-eabi/4.9.3/../../../../arm-none-eabi/lib/armv7-m\libcr_c.a(stdio.o)
 .comment       0x00000000       0x71 c:/nxp/lpcxpresso_7.7.2_379/lpcxpresso/tools/bin/../lib/gcc/arm-none-eabi/4.9.3/../../../../arm-none-eabi/lib/armv7-m\libcr_c.a(strchr.o)
 .comment       0x00000000       0x71 c:/nxp/lpcxpresso_7.7.2_379/lpcxpresso/tools/bin/../lib/gcc/arm-none-eabi/4.9.3/../../../../arm-none-eabi/lib/armv7-m\libcr_c.a(strcpy.o)
 .comment       0x00000000       0x71 c:/nxp/lpcxpresso_7.7.2_379/lpcxpresso/tools/bin/../lib/gcc/arm-none-eabi/4.9.3/../../../../arm-none-eabi/lib/armv7-m\libcr_c.a(strlen.o)
 .comment       0x00000000       0x71 c:/nxp/lpcxpresso_7.7.2_379/lpcxpresso/tools/bin/../lib/gcc/arm-none-eabi/4.9.3/../../../../arm-none-eabi/lib/armv7-m\libcr_c.a(strncpy.o)
 .comment       0x00000000       0x71 c:/nxp/lpcxpresso_7.7.2_379/lpcxpresso/tools/bin/../lib/gcc/arm-none-eabi/4.9.3/../../../../arm-none-eabi/lib/armv7-m\libcr_c.a(strstr.o)
 .comment       0x00000000       0x71 c:/nxp/lpcxpresso_7.7.2_379/lpcxpresso/tools/bin/../lib/gcc/arm-none-eabi/4.9.3/../../../../arm-none-eabi/lib/armv7-m\libcr_c.a(__init_alloc.o)
 .comment       0x00000000       0x71 c:/nxp/lpcxpresso_7.7.2_379/lpcxpresso/tools/bin/../lib/gcc/arm-none-eabi/4.9.3/../../../../arm-none-eabi/lib/armv7-m\libcr_c.a(_cr_sbrk.o)
 .comment       0x00000000       0x71 c:/nxp/lpcxpresso_7.7.2_379/lpcxpresso/tools/bin/../lib/gcc/arm-none-eabi/4.9.3/../../../../arm-none-eabi/lib/armv7-m\libcr_c.a(_deferredlazyseek.o)
 .comment       0x00000000       0x71 c:/nxp/lpcxpresso_7.7.2_379/lpcxpresso/tools/bin/../lib/gcc/arm-none-eabi/4.9.3/../../../../arm-none-eabi/lib/armv7-m\libcr_c.a(_fdopen.o)
 .comment       0x00000000       0x71 c:/nxp/lpcxpresso_7.7.2_379/lpcxpresso/tools/bin/../lib/gcc/arm-none-eabi/4.9.3/../../../../arm-none-eabi/lib/armv7-m\libcr_c.a(_fflush.o)
 .comment       0x00000000       0x71 c:/nxp/lpcxpresso_7.7.2_379/lpcxpresso/tools/bin/../lib/gcc/arm-none-eabi/4.9.3/../../../../arm-none-eabi/lib/armv7-m\libcr_c.a(_frexpl.o)
 .comment       0x00000000       0x71 c:/nxp/lpcxpresso_7.7.2_379/lpcxpresso/tools/bin/../lib/gcc/arm-none-eabi/4.9.3/../../../../arm-none-eabi/lib/armv7-m\libcr_c.a(_hugeval.o)
 .comment       0x00000000       0x71 c:/nxp/lpcxpresso_7.7.2_379/lpcxpresso/tools/bin/../lib/gcc/arm-none-eabi/4.9.3/../../../../arm-none-eabi/lib/armv7-m\libcr_c.a(_ldexpl.o)
 .comment       0x00000000       0x71 c:/nxp/lpcxpresso_7.7.2_379/lpcxpresso/tools/bin/../lib/gcc/arm-none-eabi/4.9.3/../../../../arm-none-eabi/lib/armv7-m\libcr_c.a(_writebuf.o)
 .comment       0x00000000       0x71 c:/nxp/lpcxpresso_7.7.2_379/lpcxpresso/tools/bin/../lib/gcc/arm-none-eabi/4.9.3/../../../../arm-none-eabi/lib/armv7-m\libcr_c.a(fclose.o)
 .comment       0x00000000       0x71 c:/nxp/lpcxpresso_7.7.2_379/lpcxpresso/tools/bin/../lib/gcc/arm-none-eabi/4.9.3/../../../../arm-none-eabi/lib/armv7-m\libcr_c.a(fflush.o)
 .comment       0x00000000       0x71 c:/nxp/lpcxpresso_7.7.2_379/lpcxpresso/tools/bin/../lib/gcc/arm-none-eabi/4.9.3/../../../../arm-none-eabi/lib/armv7-m\libcr_c.a(fseek.o)
 .comment       0x00000000       0x71 c:/nxp/lpcxpresso_7.7.2_379/lpcxpresso/tools/bin/../lib/gcc/arm-none-eabi/4.9.3/../../../../arm-none-eabi/lib/armv7-m\libcr_c.a(ftell.o)
 .comment       0x00000000       0x71 c:/nxp/lpcxpresso_7.7.2_379/lpcxpresso/tools/bin/../lib/gcc/arm-none-eabi/4.9.3/../../../../arm-none-eabi/lib/armv7-m\libcr_c.a(remove.o)
 .comment       0x00000000       0x71 c:/nxp/lpcxpresso_7.7.2_379/lpcxpresso/tools/bin/../lib/gcc/arm-none-eabi/4.9.3/../../../../arm-none-eabi/lib/armv7-m\libcr_c.a(_cr_check_heap.o)
 .comment       0x00000000       0x71 c:/nxp/lpcxpresso_7.7.2_379/lpcxpresso/tools/bin/../lib/gcc/arm-none-eabi/4.9.3/../../../../arm-none-eabi/lib/armv7-m\libcr_c.a(_do_fflush.o)
 .comment       0x00000000       0x71 c:/nxp/lpcxpresso_7.7.2_379/lpcxpresso/tools/bin/../lib/gcc/arm-none-eabi/4.9.3/armv7-m\libcr_eabihelpers.a(double.o)
 .comment       0x00000000       0x71 c:/nxp/lpcxpresso_7.7.2_379/lpcxpresso/tools/bin/../lib/gcc/arm-none-eabi/4.9.3/../../../../arm-none-eabi/lib/armv7-m\libcr_nohost.a(__sys_appexit.o)
 .comment       0x00000000       0x71 c:/nxp/lpcxpresso_7.7.2_379/lpcxpresso/tools/bin/../lib/gcc/arm-none-eabi/4.9.3/../../../../arm-none-eabi/lib/armv7-m\libcr_nohost.a(__sys_close.o)
 .comment       0x00000000       0x71 c:/nxp/lpcxpresso_7.7.2_379/lpcxpresso/tools/bin/../lib/gcc/arm-none-eabi/4.9.3/../../../../arm-none-eabi/lib/armv7-m\libcr_nohost.a(__sys_flen.o)
 .comment       0x00000000       0x71 c:/nxp/lpcxpresso_7.7.2_379/lpcxpresso/tools/bin/../lib/gcc/arm-none-eabi/4.9.3/../../../../arm-none-eabi/lib/armv7-m\libcr_nohost.a(__sys_istty.o)
 .comment       0x00000000       0x71 c:/nxp/lpcxpresso_7.7.2_379/lpcxpresso/tools/bin/../lib/gcc/arm-none-eabi/4.9.3/../../../../arm-none-eabi/lib/armv7-m\libcr_nohost.a(__sys_remove.o)
 .comment       0x00000000       0x71 c:/nxp/lpcxpresso_7.7.2_379/lpcxpresso/tools/bin/../lib/gcc/arm-none-eabi/4.9.3/../../../../arm-none-eabi/lib/armv7-m\libcr_nohost.a(__sys_seek.o)
 .comment       0x00000000       0x71 c:/nxp/lpcxpresso_7.7.2_379/lpcxpresso/tools/bin/../lib/gcc/arm-none-eabi/4.9.3/../../../../arm-none-eabi/lib/armv7-m\libcr_nohost.a(__sys_tmpnam.o)
 .comment       0x00000000       0x71 c:/nxp/lpcxpresso_7.7.2_379/lpcxpresso/tools/bin/../lib/gcc/arm-none-eabi/4.9.3/../../../../arm-none-eabi/lib/armv7-m\libcr_nohost.a(__sys_write.o)

.ARM.attributes
                0x00000000       0x31
 .ARM.attributes
                0x00000000       0x33 ./src/Calibration.o
 .ARM.attributes
                0x00000033       0x33 ./src/GPS.o
 .ARM.attributes
                0x00000066       0x33 ./src/GSM.o
 .ARM.attributes
                0x00000099       0x33 ./src/cr_startup_lpc175x_6x.o
 .ARM.attributes
                0x000000cc       0x33 ./src/crc.o
 .ARM.attributes
                0x000000ff       0x33 ./src/crp.o
 .ARM.attributes
                0x00000132       0x33 ./src/exp_i2c.o
 .ARM.attributes
                0x00000165       0x33 ./src/iap.o
 .ARM.attributes
                0x00000198       0x33 ./src/sec_bootloader.o
 .ARM.attributes
                0x000001cb       0x33 ./src/timer.o
 .ARM.attributes
                0x000001fe       0x33 ./src/trace.o
 .ARM.attributes
                0x00000231       0x33 ./src/uart.o
 .ARM.attributes
                0x00000264       0x33 ./src/wdt.o
 .ARM.attributes
                0x00000297       0x33 ./src/xmodem1k.o
 .ARM.attributes
                0x000002ca       0x33 C:\cppwold\triobase\CMSISv2p00_LPC17xx\Debug\libCMSISv2p00_LPC17xx.a(system_LPC17xx.o)
 .ARM.attributes
                0x000002fd       0x33 c:/nxp/lpcxpresso_7.7.2_379/lpcxpresso/tools/bin/../lib/gcc/arm-none-eabi/4.9.3/../../../../arm-none-eabi/lib/armv7-m\libcr_nohost.a(_cr__main.o)
 .ARM.attributes
                0x00000330       0x33 c:/nxp/lpcxpresso_7.7.2_379/lpcxpresso/tools/bin/../lib/gcc/arm-none-eabi/4.9.3/../../../../arm-none-eabi/lib/armv7-m\libcr_c.a(memset.o)
 .ARM.attributes
                0x00000363       0x33 c:/nxp/lpcxpresso_7.7.2_379/lpcxpresso/tools/bin/../lib/gcc/arm-none-eabi/4.9.3/../../../../arm-none-eabi/lib/armv7-m\libcr_c.a(alloc.o)
 .ARM.attributes
                0x00000396       0x33 c:/nxp/lpcxpresso_7.7.2_379/lpcxpresso/tools/bin/../lib/gcc/arm-none-eabi/4.9.3/../../../../arm-none-eabi/lib/armv7-m\libcr_c.a(ctype.o)
 .ARM.attributes
                0x000003c9       0x33 c:/nxp/lpcxpresso_7.7.2_379/lpcxpresso/tools/bin/../lib/gcc/arm-none-eabi/4.9.3/../../../../arm-none-eabi/lib/armv7-m\libcr_c.a(errno.o)
 .ARM.attributes
                0x000003fc       0x33 c:/nxp/lpcxpresso_7.7.2_379/lpcxpresso/tools/bin/../lib/gcc/arm-none-eabi/4.9.3/../../../../arm-none-eabi/lib/armv7-m\libcr_c.a(fpprintf.o)
 .ARM.attributes
                0x0000042f       0x33 c:/nxp/lpcxpresso_7.7.2_379/lpcxpresso/tools/bin/../lib/gcc/arm-none-eabi/4.9.3/../../../../arm-none-eabi/lib/armv7-m\libcr_c.a(initio.o)
 .ARM.attributes
                0x00000462       0x33 c:/nxp/lpcxpresso_7.7.2_379/lpcxpresso/tools/bin/../lib/gcc/arm-none-eabi/4.9.3/../../../../arm-none-eabi/lib/armv7-m\libcr_c.a(printf.o)
 .ARM.attributes
                0x00000495       0x33 c:/nxp/lpcxpresso_7.7.2_379/lpcxpresso/tools/bin/../lib/gcc/arm-none-eabi/4.9.3/../../../../arm-none-eabi/lib/armv7-m\libcr_c.a(scanf.o)
 .ARM.attributes
                0x000004c8       0x33 c:/nxp/lpcxpresso_7.7.2_379/lpcxpresso/tools/bin/../lib/gcc/arm-none-eabi/4.9.3/../../../../arm-none-eabi/lib/armv7-m\libcr_c.a(setvbuf.o)
 .ARM.attributes
                0x000004fb       0x33 c:/nxp/lpcxpresso_7.7.2_379/lpcxpresso/tools/bin/../lib/gcc/arm-none-eabi/4.9.3/../../../../arm-none-eabi/lib/armv7-m\libcr_c.a(stdio.o)
 .ARM.attributes
                0x0000052e       0x33 c:/nxp/lpcxpresso_7.7.2_379/lpcxpresso/tools/bin/../lib/gcc/arm-none-eabi/4.9.3/../../../../arm-none-eabi/lib/armv7-m\libcr_c.a(strchr.o)
 .ARM.attributes
                0x00000561       0x33 c:/nxp/lpcxpresso_7.7.2_379/lpcxpresso/tools/bin/../lib/gcc/arm-none-eabi/4.9.3/../../../../arm-none-eabi/lib/armv7-m\libcr_c.a(strcpy.o)
 .ARM.attributes
                0x00000594       0x33 c:/nxp/lpcxpresso_7.7.2_379/lpcxpresso/tools/bin/../lib/gcc/arm-none-eabi/4.9.3/../../../../arm-none-eabi/lib/armv7-m\libcr_c.a(strlen.o)
 .ARM.attributes
                0x000005c7       0x33 c:/nxp/lpcxpresso_7.7.2_379/lpcxpresso/tools/bin/../lib/gcc/arm-none-eabi/4.9.3/../../../../arm-none-eabi/lib/armv7-m\libcr_c.a(strncpy.o)
 .ARM.attributes
                0x000005fa       0x33 c:/nxp/lpcxpresso_7.7.2_379/lpcxpresso/tools/bin/../lib/gcc/arm-none-eabi/4.9.3/../../../../arm-none-eabi/lib/armv7-m\libcr_c.a(strstr.o)
 .ARM.attributes
                0x0000062d       0x33 c:/nxp/lpcxpresso_7.7.2_379/lpcxpresso/tools/bin/../lib/gcc/arm-none-eabi/4.9.3/../../../../arm-none-eabi/lib/armv7-m\libcr_c.a(__init_alloc.o)
 .ARM.attributes
                0x00000660       0x33 c:/nxp/lpcxpresso_7.7.2_379/lpcxpresso/tools/bin/../lib/gcc/arm-none-eabi/4.9.3/../../../../arm-none-eabi/lib/armv7-m\libcr_c.a(_cr_sbrk.o)
 .ARM.attributes
                0x00000693       0x33 c:/nxp/lpcxpresso_7.7.2_379/lpcxpresso/tools/bin/../lib/gcc/arm-none-eabi/4.9.3/../../../../arm-none-eabi/lib/armv7-m\libcr_c.a(_deferredlazyseek.o)
 .ARM.attributes
                0x000006c6       0x33 c:/nxp/lpcxpresso_7.7.2_379/lpcxpresso/tools/bin/../lib/gcc/arm-none-eabi/4.9.3/../../../../arm-none-eabi/lib/armv7-m\libcr_c.a(_fdopen.o)
 .ARM.attributes
                0x000006f9       0x33 c:/nxp/lpcxpresso_7.7.2_379/lpcxpresso/tools/bin/../lib/gcc/arm-none-eabi/4.9.3/../../../../arm-none-eabi/lib/armv7-m\libcr_c.a(_fflush.o)
 .ARM.attributes
                0x0000072c       0x33 c:/nxp/lpcxpresso_7.7.2_379/lpcxpresso/tools/bin/../lib/gcc/arm-none-eabi/4.9.3/../../../../arm-none-eabi/lib/armv7-m\libcr_c.a(_frexpl.o)
 .ARM.attributes
                0x0000075f       0x33 c:/nxp/lpcxpresso_7.7.2_379/lpcxpresso/tools/bin/../lib/gcc/arm-none-eabi/4.9.3/../../../../arm-none-eabi/lib/armv7-m\libcr_c.a(_hugeval.o)
 .ARM.attributes
                0x00000792       0x33 c:/nxp/lpcxpresso_7.7.2_379/lpcxpresso/tools/bin/../lib/gcc/arm-none-eabi/4.9.3/../../../../arm-none-eabi/lib/armv7-m\libcr_c.a(_ldexpl.o)
 .ARM.attributes
                0x000007c5       0x33 c:/nxp/lpcxpresso_7.7.2_379/lpcxpresso/tools/bin/../lib/gcc/arm-none-eabi/4.9.3/../../../../arm-none-eabi/lib/armv7-m\libcr_c.a(_writebuf.o)
 .ARM.attributes
                0x000007f8       0x33 c:/nxp/lpcxpresso_7.7.2_379/lpcxpresso/tools/bin/../lib/gcc/arm-none-eabi/4.9.3/../../../../arm-none-eabi/lib/armv7-m\libcr_c.a(fclose.o)
 .ARM.attributes
                0x0000082b       0x33 c:/nxp/lpcxpresso_7.7.2_379/lpcxpresso/tools/bin/../lib/gcc/arm-none-eabi/4.9.3/../../../../arm-none-eabi/lib/armv7-m\libcr_c.a(fflush.o)
 .ARM.attributes
                0x0000085e       0x33 c:/nxp/lpcxpresso_7.7.2_379/lpcxpresso/tools/bin/../lib/gcc/arm-none-eabi/4.9.3/../../../../arm-none-eabi/lib/armv7-m\libcr_c.a(fseek.o)
 .ARM.attributes
                0x00000891       0x33 c:/nxp/lpcxpresso_7.7.2_379/lpcxpresso/tools/bin/../lib/gcc/arm-none-eabi/4.9.3/../../../../arm-none-eabi/lib/armv7-m\libcr_c.a(ftell.o)
 .ARM.attributes
                0x000008c4       0x33 c:/nxp/lpcxpresso_7.7.2_379/lpcxpresso/tools/bin/../lib/gcc/arm-none-eabi/4.9.3/../../../../arm-none-eabi/lib/armv7-m\libcr_c.a(remove.o)
 .ARM.attributes
                0x000008f7       0x33 c:/nxp/lpcxpresso_7.7.2_379/lpcxpresso/tools/bin/../lib/gcc/arm-none-eabi/4.9.3/../../../../arm-none-eabi/lib/armv7-m\libcr_c.a(_cr_check_heap.o)
 .ARM.attributes
                0x0000092a       0x33 c:/nxp/lpcxpresso_7.7.2_379/lpcxpresso/tools/bin/../lib/gcc/arm-none-eabi/4.9.3/../../../../arm-none-eabi/lib/armv7-m\libcr_c.a(_do_fflush.o)
 .ARM.attributes
                0x0000095d       0x21 c:/nxp/lpcxpresso_7.7.2_379/lpcxpresso/tools/bin/../lib/gcc/arm-none-eabi/4.9.3/armv7-m\libcr_eabihelpers.a(division_64.o)
 .ARM.attributes
                0x0000097e       0x21 c:/nxp/lpcxpresso_7.7.2_379/lpcxpresso/tools/bin/../lib/gcc/arm-none-eabi/4.9.3/armv7-m\libcr_eabihelpers.a(division_idiv0.o)
 .ARM.attributes
                0x0000099f       0x33 c:/nxp/lpcxpresso_7.7.2_379/lpcxpresso/tools/bin/../lib/gcc/arm-none-eabi/4.9.3/armv7-m\libcr_eabihelpers.a(double.o)
 .ARM.attributes
                0x000009d2       0x21 c:/nxp/lpcxpresso_7.7.2_379/lpcxpresso/tools/bin/../lib/gcc/arm-none-eabi/4.9.3/armv7-m\libcr_eabihelpers.a(memcpy.o)
 .ARM.attributes
                0x000009f3       0x33 c:/nxp/lpcxpresso_7.7.2_379/lpcxpresso/tools/bin/../lib/gcc/arm-none-eabi/4.9.3/../../../../arm-none-eabi/lib/armv7-m\libcr_nohost.a(__sys_appexit.o)
 .ARM.attributes
                0x00000a26       0x33 c:/nxp/lpcxpresso_7.7.2_379/lpcxpresso/tools/bin/../lib/gcc/arm-none-eabi/4.9.3/../../../../arm-none-eabi/lib/armv7-m\libcr_nohost.a(__sys_close.o)
 .ARM.attributes
                0x00000a59       0x33 c:/nxp/lpcxpresso_7.7.2_379/lpcxpresso/tools/bin/../lib/gcc/arm-none-eabi/4.9.3/../../../../arm-none-eabi/lib/armv7-m\libcr_nohost.a(__sys_flen.o)
 .ARM.attributes
                0x00000a8c       0x33 c:/nxp/lpcxpresso_7.7.2_379/lpcxpresso/tools/bin/../lib/gcc/arm-none-eabi/4.9.3/../../../../arm-none-eabi/lib/armv7-m\libcr_nohost.a(__sys_istty.o)
 .ARM.attributes
                0x00000abf       0x33 c:/nxp/lpcxpresso_7.7.2_379/lpcxpresso/tools/bin/../lib/gcc/arm-none-eabi/4.9.3/../../../../arm-none-eabi/lib/armv7-m\libcr_nohost.a(__sys_remove.o)
 .ARM.attributes
                0x00000af2       0x33 c:/nxp/lpcxpresso_7.7.2_379/lpcxpresso/tools/bin/../lib/gcc/arm-none-eabi/4.9.3/../../../../arm-none-eabi/lib/armv7-m\libcr_nohost.a(__sys_seek.o)
 .ARM.attributes
                0x00000b25       0x33 c:/nxp/lpcxpresso_7.7.2_379/lpcxpresso/tools/bin/../lib/gcc/arm-none-eabi/4.9.3/../../../../arm-none-eabi/lib/armv7-m\libcr_nohost.a(__sys_tmpnam.o)
 .ARM.attributes
                0x00000b58       0x33 c:/nxp/lpcxpresso_7.7.2_379/lpcxpresso/tools/bin/../lib/gcc/arm-none-eabi/4.9.3/../../../../arm-none-eabi/lib/armv7-m\libcr_nohost.a(__sys_write.o)

.debug_frame    0x00000000     0x11c4
 .debug_frame   0x00000000      0x15c ./src/Calibration.o
 .debug_frame   0x0000015c      0x16c ./src/GPS.o
 .debug_frame   0x000002c8      0x3d0 ./src/GSM.o
 .debug_frame   0x00000698      0x170 ./src/cr_startup_lpc175x_6x.o
 .debug_frame   0x00000808       0x38 ./src/crc.o
 .debug_frame   0x00000840      0x168 ./src/exp_i2c.o
 .debug_frame   0x000009a8      0x154 ./src/iap.o
 .debug_frame   0x00000afc      0x248 ./src/sec_bootloader.o
 .debug_frame   0x00000d44       0x80 ./src/timer.o
 .debug_frame   0x00000dc4       0xc8 ./src/trace.o
 .debug_frame   0x00000e8c      0x19c ./src/uart.o
 .debug_frame   0x00001028       0xdc ./src/wdt.o
 .debug_frame   0x00001104       0x84 ./src/xmodem1k.o
 .debug_frame   0x00001188       0x3c C:\cppwold\triobase\CMSISv2p00_LPC17xx\Debug\libCMSISv2p00_LPC17xx.a(system_LPC17xx.o)
